Component: Arm Compiler for Embedded 6.19 Tool: armlink [5e73cb00]

==============================================================================

Section Cross References

    startup_stm32h723xx.o(RESET) refers to startup_stm32h723xx.o(STACK) for __initial_sp
    startup_stm32h723xx.o(RESET) refers to startup_stm32h723xx.o(.text) for Reset_Handler
    startup_stm32h723xx.o(RESET) refers to stm32h7xx_it.o(.text.NMI_Handler) for NMI_Handler
    startup_stm32h723xx.o(RESET) refers to stm32h7xx_it.o(.text.HardFault_Handler) for HardFault_Handler
    startup_stm32h723xx.o(RESET) refers to stm32h7xx_it.o(.text.MemManage_Handler) for MemManage_Handler
    startup_stm32h723xx.o(RESET) refers to stm32h7xx_it.o(.text.BusFault_Handler) for BusFault_Handler
    startup_stm32h723xx.o(RESET) refers to stm32h7xx_it.o(.text.UsageFault_Handler) for UsageFault_Handler
    startup_stm32h723xx.o(RESET) refers to stm32h7xx_it.o(.text.SVC_Handler) for SVC_Handler
    startup_stm32h723xx.o(RESET) refers to stm32h7xx_it.o(.text.DebugMon_Handler) for DebugMon_Handler
    startup_stm32h723xx.o(RESET) refers to stm32h7xx_it.o(.text.PendSV_Handler) for PendSV_Handler
    startup_stm32h723xx.o(RESET) refers to stm32h7xx_it.o(.text.SysTick_Handler) for SysTick_Handler
    startup_stm32h723xx.o(RESET) refers to stm32h7xx_it.o(.text.DMA1_Stream0_IRQHandler) for DMA1_Stream0_IRQHandler
    startup_stm32h723xx.o(RESET) refers to stm32h7xx_it.o(.text.DMA1_Stream1_IRQHandler) for DMA1_Stream1_IRQHandler
    startup_stm32h723xx.o(RESET) refers to stm32h7xx_it.o(.text.DMA1_Stream2_IRQHandler) for DMA1_Stream2_IRQHandler
    startup_stm32h723xx.o(RESET) refers to stm32h7xx_it.o(.text.DMA1_Stream3_IRQHandler) for DMA1_Stream3_IRQHandler
    startup_stm32h723xx.o(RESET) refers to stm32h7xx_it.o(.text.DMA1_Stream4_IRQHandler) for DMA1_Stream4_IRQHandler
    startup_stm32h723xx.o(RESET) refers to stm32h7xx_it.o(.text.DMA1_Stream5_IRQHandler) for DMA1_Stream5_IRQHandler
    startup_stm32h723xx.o(RESET) refers to stm32h7xx_it.o(.text.DMA1_Stream6_IRQHandler) for DMA1_Stream6_IRQHandler
    startup_stm32h723xx.o(RESET) refers to stm32h7xx_it.o(.text.ADC_IRQHandler) for ADC_IRQHandler
    startup_stm32h723xx.o(RESET) refers to stm32h7xx_it.o(.text.FDCAN1_IT0_IRQHandler) for FDCAN1_IT0_IRQHandler
    startup_stm32h723xx.o(RESET) refers to stm32h7xx_it.o(.text.TIM3_IRQHandler) for TIM3_IRQHandler
    startup_stm32h723xx.o(RESET) refers to stm32h7xx_it.o(.text.I2C1_EV_IRQHandler) for I2C1_EV_IRQHandler
    startup_stm32h723xx.o(RESET) refers to stm32h7xx_it.o(.text.USART1_IRQHandler) for USART1_IRQHandler
    startup_stm32h723xx.o(RESET) refers to stm32h7xx_it.o(.text.USART3_IRQHandler) for USART3_IRQHandler
    startup_stm32h723xx.o(RESET) refers to stm32h7xx_it.o(.text.OTG_HS_IRQHandler) for OTG_HS_IRQHandler
    startup_stm32h723xx.o(RESET) refers to stm32h7xx_it.o(.text.UART8_IRQHandler) for UART8_IRQHandler
    startup_stm32h723xx.o(RESET) refers to stm32h7xx_it.o(.text.UART9_IRQHandler) for UART9_IRQHandler
    startup_stm32h723xx.o(RESET) refers to stm32h7xx_it.o(.text.USART10_IRQHandler) for USART10_IRQHandler
    startup_stm32h723xx.o(RESET) refers to stm32h7xx_it.o(.text.FDCAN3_IT0_IRQHandler) for FDCAN3_IT0_IRQHandler
    startup_stm32h723xx.o(.text) refers to system_stm32h7xx.o(.text.ExitRun0Mode) for ExitRun0Mode
    startup_stm32h723xx.o(.text) refers to system_stm32h7xx.o(.text.SystemInit) for SystemInit
    startup_stm32h723xx.o(.text) refers to entry.o(.ARM.Collect$$$$00000000) for __main
    main.o(.text.main) refers to stm32h7xx_hal.o(.text.HAL_Init) for HAL_Init
    main.o(.text.main) refers to main.o(.text.SystemClock_Config) for SystemClock_Config
    main.o(.text.main) refers to memseta.o(.text) for __aeabi_memclr8
    main.o(.text.main) refers to stm32h7xx_hal_rcc_ex.o(.text.HAL_RCCEx_PeriphCLKConfig) for HAL_RCCEx_PeriphCLKConfig
    main.o(.text.main) refers to stm32h7xx_hal.o(.text.HAL_Delay) for HAL_Delay
    main.o(.text.main) refers to gpio.o(.text.MX_GPIO_Init) for MX_GPIO_Init
    main.o(.text.main) refers to dma.o(.text.MX_DMA_Init) for MX_DMA_Init
    main.o(.text.main) refers to tim.o(.text.MX_TIM3_Init) for MX_TIM3_Init
    main.o(.text.main) refers to usb_device.o(.text.MX_USB_DEVICE_Init) for MX_USB_DEVICE_Init
    main.o(.text.main) refers to fdcan.o(.text.MX_FDCAN3_Init) for MX_FDCAN3_Init
    main.o(.text.main) refers to fdcan.o(.text.MX_FDCAN1_Init) for MX_FDCAN1_Init
    main.o(.text.main) refers to usart.o(.text.MX_USART3_UART_Init) for MX_USART3_UART_Init
    main.o(.text.main) refers to usart.o(.text.MX_USART1_UART_Init) for MX_USART1_UART_Init
    main.o(.text.main) refers to tim.o(.text.MX_TIM1_Init) for MX_TIM1_Init
    main.o(.text.main) refers to usart.o(.text.MX_USART10_UART_Init) for MX_USART10_UART_Init
    main.o(.text.main) refers to usart.o(.text.MX_UART8_Init) for MX_UART8_Init
    main.o(.text.main) refers to adc.o(.text.MX_ADC1_Init) for MX_ADC1_Init
[...]
    SystemClock_Config                       0x0800af21   Thumb Code   182  main.o(.text.SystemClock_Config)
    SystemInit                               0x0800afd9   Thumb Code   210  system_stm32h7xx.o(.text.SystemInit)
    TIM3_IRQHandler                          0x0800b0b1   Thumb Code    12  stm32h7xx_it.o(.text.TIM3_IRQHandler)
    TIM_Base_SetConfig                       0x0800b0c1   Thumb Code   346  stm32h7xx_hal_tim.o(.text.TIM_Base_SetConfig)
    TIM_ENABLE                               0x0800b221   Thumb Code    66  my_tim.o(.text.TIM_ENABLE)
    UART8_IRQHandler                         0x0800b269   Thumb Code    12  stm32h7xx_it.o(.text.UART8_IRQHandler)
    UART9_IRQHandler                         0x0800b279   Thumb Code    12  stm32h7xx_it.o(.text.UART9_IRQHandler)
    UART_AdvFeatureConfig                    0x0800b289   Thumb Code   224  stm32h7xx_hal_uart.o(.text.UART_AdvFeatureConfig)
    UART_CheckIdleState                      0x0800b369   Thumb Code   184  stm32h7xx_hal_uart.o(.text.UART_CheckIdleState)
    UART_SetConfig                           0x0800bad1   Thumb Code  1232  stm32h7xx_hal_uart.o(.text.UART_SetConfig)
    UART_Start_Receive_IT                    0x0800bfa9   Thumb Code   284  stm32h7xx_hal_uart.o(.text.UART_Start_Receive_IT)
    UART_WaitOnFlagUntilTimeout              0x0800c261   Thumb Code   326  stm32h7xx_hal_uart.o(.text.UART_WaitOnFlagUntilTimeout)
    USART10_IRQHandler                       0x0800c3a9   Thumb Code    12  stm32h7xx_it.o(.text.USART10_IRQHandler)
    USART1_IRQHandler                        0x0800c3b9   Thumb Code    26  stm32h7xx_it.o(.text.USART1_IRQHandler)
    USART3_IRQHandler                        0x0800c3d9   Thumb Code    26  stm32h7xx_it.o(.text.USART3_IRQHandler)
    USART_ENABLE                             0x0800c3f9   Thumb Code   186  my_usart.o(.text.USART_ENABLE)
    USBD_CDC_GetDeviceQualifierDescriptor    0x0800c611   Thumb Code    16  usbd_cdc.o(.text.USBD_CDC_GetDeviceQualifierDescriptor)
    USBD_CDC_ReceivePacket                   0x0800c801   Thumb Code    48  usbd_cdc.o(.text.USBD_CDC_ReceivePacket)
    USBD_CDC_RegisterInterface               0x0800c831   Thumb Code    22  usbd_cdc.o(.text.USBD_CDC_RegisterInterface)
    USBD_CDC_SetRxBuffer                     0x0800c849   Thumb Code    26  usbd_cdc.o(.text.USBD_CDC_SetRxBuffer)
    USBD_CDC_SetTxBuffer                     0x0800c869   Thumb Code    30  usbd_cdc.o(.text.USBD_CDC_SetTxBuffer)
    USBD_ClrClassConfig                      0x0800c9a9   Thumb Code    18  usbd_core.o(.text.USBD_ClrClassConfig)
    USBD_CoreFindEP                          0x0800c9c1   Thumb Code     4  usbd_core.o(.text.USBD_CoreFindEP)
    USBD_CoreFindIF                          0x0800c9c9   Thumb Code     4  usbd_core.o(.text.USBD_CoreFindIF)
    USBD_CtlContinueRx                       0x0800c9d1   Thumb Code    16  usbd_ioreq.o(.text.USBD_CtlContinueRx)
    USBD_CtlContinueSendData                 0x0800c9e1   Thumb Code    16  usbd_ioreq.o(.text.USBD_CtlContinueSendData)
    USBD_CtlError                            0x0800c9f1   Thumb Code    22  usbd_ctlreq.o(.text.USBD_CtlError)
    USBD_CtlPrepareRx                        0x0800ca09   Thumb Code    30  usbd_ioreq.o(.text.USBD_CtlPrepareRx)
    USBD_CtlReceiveStatus                    0x0800ca29   Thumb Code    22  usbd_ioreq.o(.text.USBD_CtlReceiveStatus)
    USBD_CtlSendData                         0x0800ca41   Thumb Code    26  usbd_ioreq.o(.text.USBD_CtlSendData)
    USBD_CtlSendStatus                       0x0800ca61   Thumb Code    22  usbd_ioreq.o(.text.USBD_CtlSendStatus)
    USBD_GetEpDesc                           0x0800ca79   Thumb Code    44  usbd_core.o(.text.USBD_GetEpDesc)
    USBD_GetString                           0x0800caa9   Thumb Code   128  usbd_ctlreq.o(.text.USBD_GetString)
    USBD_HS_ConfigStrDescriptor              0x0800cb29   Thumb Code    24  usbd_desc.o(.text.USBD_HS_ConfigStrDescriptor)
    USBD_HS_DeviceDescriptor                 0x0800cb51   Thumb Code    14  usbd_desc.o(.text.USBD_HS_DeviceDescriptor)
    USBD_HS_InterfaceStrDescriptor           0x0800cb61   Thumb Code    24  usbd_desc.o(.text.USBD_HS_InterfaceStrDescriptor)
    USBD_HS_LangIDStrDescriptor              0x0800cb89   Thumb Code    14  usbd_desc.o(.text.USBD_HS_LangIDStrDescriptor)
    USBD_HS_ManufacturerStrDescriptor        0x0800cb99   Thumb Code    24  usbd_desc.o(.text.USBD_HS_ManufacturerStrDescriptor)
    USBD_HS_ProductStrDescriptor             0x0800cbb9   Thumb Code    24  usbd_desc.o(.text.USBD_HS_ProductStrDescriptor)
    USBD_HS_SerialStrDescriptor              0x0800cbe1   Thumb Code   128  usbd_desc.o(.text.USBD_HS_SerialStrDescriptor)
    USBD_Init                                0x0800cc61   Thumb Code    40  usbd_core.o(.text.USBD_Init)
    USBD_LL_ClearStallEP                     0x0800cc89   Thumb Code    34  usbd_conf.o(.text.USBD_LL_ClearStallEP)
    USBD_LL_CloseEP                          0x0800ccb1   Thumb Code    34  usbd_conf.o(.text.USBD_LL_CloseEP)
    USBD_LL_DataInStage                      0x0800ccd9   Thumb Code   176  usbd_core.o(.text.USBD_LL_DataInStage)
    USBD_LL_DataOutStage                     0x0800cd89   Thumb Code   120  usbd_core.o(.text.USBD_LL_DataOutStage)
    USBD_LL_DevConnected                     0x0800ce01   Thumb Code     4  usbd_core.o(.text.USBD_LL_DevConnected)
    USBD_LL_DevDisconnected                  0x0800ce09   Thumb Code    32  usbd_core.o(.text.USBD_LL_DevDisconnected)
    USBD_LL_GetRxDataSize                    0x0800ce29   Thumb Code     8  usbd_conf.o(.text.USBD_LL_GetRxDataSize)
    USBD_LL_Init                             0x0800ce31   Thumb Code   106  usbd_conf.o(.text.USBD_LL_Init)
    USBD_LL_IsStallEP                        0x0800cea1   Thumb Code    34  usbd_conf.o(.text.USBD_LL_IsStallEP)
    USBD_LL_IsoINIncomplete                  0x0800cec9   Thumb Code    38  usbd_core.o(.text.USBD_LL_IsoINIncomplete)
    USBD_LL_IsoOUTIncomplete                 0x0800cef1   Thumb Code    38  usbd_core.o(.text.USBD_LL_IsoOUTIncomplete)
    USBD_LL_OpenEP                           0x0800cf19   Thumb Code    40  usbd_conf.o(.text.USBD_LL_OpenEP)
    USBD_LL_PrepareReceive                   0x0800cf41   Thumb Code    34  usbd_conf.o(.text.USBD_LL_PrepareReceive)
    USBD_LL_Reset                            0x0800cf69   Thumb Code   100  usbd_core.o(.text.USBD_LL_Reset)
    USBD_LL_Resume                           0x0800cfd1   Thumb Code    20  usbd_core.o(.text.USBD_LL_Resume)
    USBD_LL_SOF                              0x0800cfe9   Thumb Code    26  usbd_core.o(.text.USBD_LL_SOF)
    USBD_LL_SetSpeed                         0x0800d009   Thumb Code     8  usbd_core.o(.text.USBD_LL_SetSpeed)
    USBD_LL_SetUSBAddress                    0x0800d011   Thumb Code    34  usbd_conf.o(.text.USBD_LL_SetUSBAddress)
    USBD_LL_SetupStage                       0x0800d039   Thumb Code    96  usbd_core.o(.text.USBD_LL_SetupStage)
    USBD_LL_StallEP                          0x0800d099   Thumb Code    34  usbd_conf.o(.text.USBD_LL_StallEP)
    USBD_LL_Start                            0x0800d0c1   Thumb Code    34  usbd_conf.o(.text.USBD_LL_Start)
    USBD_LL_Suspend                          0x0800d0e9   Thumb Code    28  usbd_core.o(.text.USBD_LL_Suspend)
    USBD_LL_Transmit                         0x0800d109   Thumb Code    34  usbd_conf.o(.text.USBD_LL_Transmit)
    USBD_ParseSetupRequest                   0x0800d131   Thumb Code    22  usbd_ctlreq.o(.text.USBD_ParseSetupRequest)
    USBD_RegisterClass                       0x0800d149   Thumb Code    68  usbd_core.o(.text.USBD_RegisterClass)
    USBD_SetClassConfig                      0x0800d191   Thumb Code    14  usbd_core.o(.text.USBD_SetClassConfig)
    USBD_Start                               0x0800d1a1   Thumb Code     4  usbd_core.o(.text.USBD_Start)
    USBD_StdDevReq                           0x0800d1a9   Thumb Code  1080  usbd_ctlreq.o(.text.USBD_StdDevReq)
    USBD_StdEPReq                            0x0800d5e1   Thumb Code   376  usbd_ctlreq.o(.text.USBD_StdEPReq)
    USBD_StdItfReq                           0x0800d759   Thumb Code   144  usbd_ctlreq.o(.text.USBD_StdItfReq)
    USBD_static_free                         0x0800d7e9   Thumb Code     2  usbd_conf.o(.text.USBD_static_free)
    USBD_static_malloc                       0x0800d7f1   Thumb Code    10  usbd_conf.o(.text.USBD_static_malloc)
    USB_ActivateEndpoint                     0x0800d801   Thumb Code   136  stm32h7xx_ll_usb.o(.text.USB_ActivateEndpoint)
    USB_ActivateSetup                        0x0800d889   Thumb Code    32  stm32h7xx_ll_usb.o(.text.USB_ActivateSetup)
    USB_CoreInit                             0x0800d8a9   Thumb Code   276  stm32h7xx_ll_usb.o(.text.USB_CoreInit)
    USB_DeactivateEndpoint                   0x0800d9c1   Thumb Code   132  stm32h7xx_ll_usb.o(.text.USB_DeactivateEndpoint)
    USB_DevConnect                           0x0800da49   Thumb Code    30  stm32h7xx_ll_usb.o(.text.USB_DevConnect)
    USB_DevDisconnect                        0x0800da69   Thumb Code    30  stm32h7xx_ll_usb.o(.text.USB_DevDisconnect)
    USB_DevInit                              0x0800da89   Thumb Code   488  stm32h7xx_ll_usb.o(.text.USB_DevInit)
    USB_DisableGlobalInt                     0x0800dc71   Thumb Code    14  stm32h7xx_ll_usb.o(.text.USB_DisableGlobalInt)
    USB_EP0_OutStart                         0x0800dc81   Thumb Code    90  stm32h7xx_ll_usb.o(.text.USB_EP0_OutStart)
    USB_EPClearStall                         0x0800dce1   Thumb Code    80  stm32h7xx_ll_usb.o(.text.USB_EPClearStall)
    USB_EPSetStall                           0x0800dd31   Thumb Code    62  stm32h7xx_ll_usb.o(.text.USB_EPSetStall)
    USB_EPStartXfer                          0x0800dd71   Thumb Code   500  stm32h7xx_ll_usb.o(.text.USB_EPStartXfer)
    USB_EPStopXfer                           0x0800df69   Thumb Code   134  stm32h7xx_ll_usb.o(.text.USB_EPStopXfer)
    USB_EnableGlobalInt                      0x0800dff1   Thumb Code    14  stm32h7xx_ll_usb.o(.text.USB_EnableGlobalInt)
    USB_FlushTxFifo                          0x0800e001   Thumb Code    72  stm32h7xx_ll_usb.o(.text.USB_FlushTxFifo)
    USB_GetDevSpeed                          0x0800e049   Thumb Code    26  stm32h7xx_ll_usb.o(.text.USB_GetDevSpeed)
    USB_GetMode                              0x0800e069   Thumb Code     8  stm32h7xx_ll_usb.o(.text.USB_GetMode)
    USB_ReadDevAllInEpInterrupt              0x0800e071   Thumb Code    14  stm32h7xx_ll_usb.o(.text.USB_ReadDevAllInEpInterrupt)
    USB_ReadDevAllOutEpInterrupt             0x0800e081   Thumb Code    14  stm32h7xx_ll_usb.o(.text.USB_ReadDevAllOutEpInterrupt)
    USB_ReadDevInEPInterrupt                 0x0800e091   Thumb Code    36  stm32h7xx_ll_usb.o(.text.USB_ReadDevInEPInterrupt)
    USB_ReadDevOutEPInterrupt                0x0800e0b9   Thumb Code    16  stm32h7xx_ll_usb.o(.text.USB_ReadDevOutEPInterrupt)
    USB_ReadInterrupts                       0x0800e0c9   Thumb Code     8  stm32h7xx_ll_usb.o(.text.USB_ReadInterrupts)
    USB_ReadPacket                           0x0800e0d1   Thumb Code    78  stm32h7xx_ll_usb.o(.text.USB_ReadPacket)
    USB_SetCurrentMode                       0x0800e121   Thumb Code   100  stm32h7xx_ll_usb.o(.text.USB_SetCurrentMode)
    USB_SetDevAddress                        0x0800e189   Thumb Code    34  stm32h7xx_ll_usb.o(.text.USB_SetDevAddress)
    USB_SetTurnaroundTime                    0x0800e1b1   Thumb Code   278  stm32h7xx_ll_usb.o(.text.USB_SetTurnaroundTime)
    USB_WritePacket                          0x0800e2c9   Thumb Code    58  stm32h7xx_ll_usb.o(.text.USB_WritePacket)
    USER_UART_IRQHandler                     0x0800e309   Thumb Code   142  my_usart.o(.text.USER_UART_IRQHandler)
    UpackCalfMsg                             0x0800e399   Thumb Code    96  my_motor_driver.o(.text.UpackCalfMsg)
    UsageFault_Handler                       0x0800e3f9   Thumb Code     2  stm32h7xx_it.o(.text.UsageFault_Handler)
    main                                     0x0800e401   Thumb Code   598  main.o(.text.main)
    main_loop                                0x0800e659   Thumb Code   664  my_main.o(.text.main_loop)
    __0snprintf                              0x0800e8f1   Thumb Code    48  printfa.o(i.__0snprintf)
    __1snprintf                              0x0800e8f1   Thumb Code     0  printfa.o(i.__0snprintf)
    __2snprintf                              0x0800e8f1   Thumb Code     0  printfa.o(i.__0snprintf)
    __c89snprintf                            0x0800e8f1   Thumb Code     0  printfa.o(i.__0snprintf)
    snprintf                                 0x0800e8f1   Thumb Code     0  printfa.o(i.__0snprintf)
    __scatterload_copy                       0x0800e925   Thumb Code    14  handlers.o(i.__scatterload_copy)
    __scatterload_null                       0x0800e933   Thumb Code     2  handlers.o(i.__scatterload_null)
    __scatterload_zeroinit                   0x0800e935   Thumb Code    14  handlers.o(i.__scatterload_zeroinit)
    malloc                                   0x0800f20d   Thumb Code    92  malloc.o(i.malloc)
    D1CorePrescTable                         0x0800f2dc   Data          16  system_stm32h7xx.o(.rodata.D1CorePrescTable)
    UARTPrescTable                           0x0800f2ec   Data          24  stm32h7xx_hal_uart.o(.rodata.UARTPrescTable)
    Region$$Table$$Base                      0x0800f324   Number         0  anon$$obj.o(Region$$Table)
    Region$$Table$$Limit                     0x0800f364   Number         0  anon$$obj.o(Region$$Table)
    __microlib_freelist_initialised          0x20000000   Data           4  mvars.o(.data)
    SystemCoreClock                          0x20000004   Data           4  system_stm32h7xx.o(.data.SystemCoreClock)
    USBD_CDC                                 0x20000008   Data          56  usbd_cdc.o(.data.USBD_CDC)
    USBD_HS_DeviceDesc                       0x20000090   Data          18  usbd_desc.o(.data.USBD_HS_DeviceDesc)
    USBD_StringSerial                        0x200000a4   Data          26  usbd_desc.o(.data.USBD_StringSerial)
    gRobot                                   0x200000c0   Data         144  my_main.o(.data.gRobot)
    lastState                                0x20000150   Data           1  my_communication.o(.data.lastState)
    uwTickPrio                               0x20000154   Data           4  stm32h7xx_hal.o(.data.uwTickPrio)
    RxMessage1                               0x20000160   Data          40  my_fdcan.o(.bss.RxMessage1)
    USBD_StrDesc                             0x2000018c   Data         512  usbd_desc.o(.bss.USBD_StrDesc)
    UnionSixUint8ToFloat                     0x2000038c   Data           8  my_usart.o(.bss.UnionSixUint8ToFloat)
    UserTxBufferHS                           0x20000394   Data        2048  usbd_cdc_if.o(.bss.UserTxBufferHS)
    app_data_len                             0x20000b94   Data           1  my_usart.o(.bss.app_data_len)
    debug_buffer                             0x20000b95   Data        4096  my_main.o(.bss.debug_buffer)
    firstComFlag                             0x20001b95   Data          12  my_action_control.o(.bss.firstComFlag)
    forearmMsg                               0x20001ba4   Data          72  my_action_control.o(.bss.forearmMsg)
    hUsbDeviceHS                             0x20001bec   Data         732  usb_device.o(.bss.hUsbDeviceHS)
    hdma_i2c1_tx                             0x20001ec8   Data         120  i2c.o(.bss.hdma_i2c1_tx)
    hdma_memtomem_dma1_stream0               0x20001f40   Data         120  dma.o(.bss.hdma_memtomem_dma1_stream0)
    hdma_usart1_tx                           0x20001fb8   Data         120  usart.o(.bss.hdma_usart1_tx)
    hdma_usart3_tx                           0x20002030   Data         120  usart.o(.bss.hdma_usart3_tx)
    hfdcan1                                  0x200020a8   Data         160  fdcan.o(.bss.hfdcan1)
    hfdcan3                                  0x20002148   Data         160  fdcan.o(.bss.hfdcan3)
    hi2c1                                    0x200021e8   Data          84  i2c.o(.bss.hi2c1)
    htim3                                    0x2000223c   Data          76  tim.o(.bss.htim3)
    huart3                                   0x20002288   Data         148  usart.o(.bss.huart3)
    huart9                                   0x2000231c   Data         148  usart.o(.bss.huart9)
    press_adc                                0x200023b4   Data           4  my_sensor.o(.bss.press_adc)
    readLen                                  0x200023b8   Data           4  my_communication.o(.bss.readLen)
    robot_com_data_len                       0x200023bc   Data           1  my_usart.o(.bss.robot_com_data_len)
    timer_5ms_Flag                           0x200023bd   Data           1  my_tim.o(.bss.timer_5ms_Flag)
    upperArmCtrlTar                          0x200023c0   Data           4  my_action_control.o(.bss.upperArmCtrlTar)
    wheel3Msg                                0x200023c4   Data           8  my_action_control.o(.bss.wheel3Msg)
    wristCtrlTar                             0x200023cc   Data           4  my_action_control.o(.bss.wristCtrlTar)
    __initial_sp                             0x200027d0   Data           0  startup_stm32h723xx.o(STACK)
    __microlib_freelist                      0x24000000   Data           4  mvars.o(.data)
    HS_Desc                                  0x24000004   Data          32  usbd_desc.o(.data.HS_Desc)
    SystemD2Clock                            0x24000024   Data           4  system_stm32h7xx.o(.data.SystemD2Clock)
    USBD_Interface_fops_HS                   0x24000028   Data          20  usbd_cdc_if.o(.data.USBD_Interface_fops_HS)
    USBD_LangIDDesc                          0x2400003c   Data           4  usbd_desc.o(.data.USBD_LangIDDesc)
    uwTickFreq                               0x24000040   Data           1  stm32h7xx_hal.o(.data.uwTickFreq)
    HB                                       0x2400004a   Data          12  my_action_control.o(.bss.HB)
    RxMessage0                               0x24000058   Data          40  my_fdcan.o(.bss.RxMessage0)
    UserRxBufferHS                           0x240002a0   Data        2048  usbd_cdc_if.o(.bss.UserRxBufferHS)
    app_rxbuffer                             0x24000aa0   Data          64  my_usart.o(.bss.app_rxbuffer)
    apptrans                                 0x24000ae0   Data           4  my_usart.o(.bss.apptrans)
    beep_Cnt                                 0x24000ae4   Data           4  my_tim.o(.bss.beep_Cnt)
    forearmCtrlTar                           0x24000ae8   Data           4  my_action_control.o(.bss.forearmCtrlTar)
    hadc1                                    0x24000aec   Data         112  adc.o(.bss.hadc1)
    hdma_i2c1_rx                             0x24000b5c   Data         120  i2c.o(.bss.hdma_i2c1_rx)
    hdma_usart1_rx                           0x24000bd4   Data         120  usart.o(.bss.hdma_usart1_rx)
    hdma_usart3_rx                           0x24000c4c   Data         120  usart.o(.bss.hdma_usart3_rx)
    hpcd_USB_OTG_HS                          0x24000cc4   Data        1252  usbd_conf.o(.bss.hpcd_USB_OTG_HS)
    htim1                                    0x240011a8   Data          76  tim.o(.bss.htim1)
    huart1                                   0x240011f4   Data         148  usart.o(.bss.huart1)
    huart10                                  0x24001288   Data         148  usart.o(.bss.huart10)
    huart8                                   0x2400131c   Data         148  usart.o(.bss.huart8)
    power_rxbuffer                           0x240013c0   Data           8  my_usart.o(.bss.power_rxbuffer)
    robotRxData                              0x240013c8   Data          12  my_usart.o(.bss.robotRxData)
    robot_rxbuffer                           0x240013d4   Data         128  my_usart.o(.bss.robot_rxbuffer)
    rxbuf                                    0x24001454   Data        4000  my_communication.o(.bss.rxbuf)
    timer_1ms_Flag                           0x240023f4   Data           1  my_tim.o(.bss.timer_1ms_Flag)
    upperArmMsg                              0x240023f8   Data          72  my_action_control.o(.bss.upperArmMsg)
    uwTick                                   0x24002440   Data           4  stm32h7xx_hal.o(.bss.uwTick)
    wheel1Msg                                0x24002578   Data           8  my_action_control.o(.bss.wheel1Msg)
    wheel2Msg                                0x24002580   Data           8  my_action_control.o(.bss.wheel2Msg)
    wristMsg                                 0x24002588   Data          72  my_action_control.o(.bss.wristMsg)
    __heap_base                              0x240025d0   Data           0  startup_stm32h723xx.o(HEAP)
    __heap_limit                             0x240027d0   Data           0  startup_stm32h723xx.o(HEAP)



==============================================================================

Memory Map of the image

  Image Entry point : 0x080002cd

  Load Region LR_IROM1 (Base: 0x08000000, Size: 0x0000f508, Max: 0x00100000, ABSOLUTE, COMPRESSED[0x0000f448])

    Execution Region ER_IROM1 (Exec base: 0x08000000, Load base: 0x08000000, Size: 0x0000f364, Max: 0x00100000, ABSOLUTE)

    Exec Addr    Load Addr    Size         Type   Attr      Idx    E Section Name        Object

    0x08000000   0x08000000   0x000002cc   Data   RO            3    RESET               startup_stm32h723xx.o
    0x080002cc   0x080002cc   0x00000000   Code   RO         2733  * .ARM.Collect$$$$00000000  mc_w.l(entry.o)
    0x080002cc   0x080002cc   0x00000004   Code   RO         3033    .ARM.Collect$$$$00000001  mc_w.l(entry2.o)
    0x080002d0   0x080002d0   0x00000004   Code   RO         3036    .ARM.Collect$$$$00000004  mc_w.l(entry5.o)
    0x080002d4   0x080002d4   0x00000000   Code   RO         3038    .ARM.Collect$$$$00000008  mc_w.l(entry7b.o)
    0x080002d4   0x080002d4   0x00000000   Code   RO         3040    .ARM.Collect$$$$0000000A  mc_w.l(entry8b.o)
    0x080002d4   0x080002d4   0x00000008   Code   RO         3041    .ARM.Collect$$$$0000000B  mc_w.l(entry9a.o)
    0x080002dc   0x080002dc   0x00000000   Code   RO         3043    .ARM.Collect$$$$0000000D  mc_w.l(entry10a.o)
    0x080002dc   0x080002dc   0x00000000   Code   RO         3045    .ARM.Collect$$$$0000000F  mc_w.l(entry11a.o)
    0x080002dc   0x080002dc   0x00000004   Code   RO         3034    .ARM.Collect$$$$00002712  mc_w.l(entry2.o)
    0x080002e0   0x080002e0   0x0000002c   Code   RO            4    .text               startup_stm32h723xx.o
    0x0800030c   0x0800030c   0x00000062   Code   RO         2736    .text               mc_w.l(uldiv.o)
    0x0800036e   0x0800036e   0x00000024   Code   RO         2740    .text               mc_w.l(memseta.o)
    0x08000392   0x08000392   0x0000002c   Code   RO         3057    .text               mc_w.l(uidiv.o)
    0x080003be   0x080003be   0x0000001e   Code   RO         3059    .text               mc_w.l(llshl.o)
    0x080003dc   0x080003dc   0x00000020   Code   RO         3061    .text               mc_w.l(llushr.o)
    0x080003fc   0x080003fc   0x00000000   Code   RO         3065    .text               mc_w.l(iusefp.o)
    0x080003fc   0x080003fc   0x0000014e   Code   RO         3066    .text               mf_w.l(dadd.o)
    0x0800054a   0x0800054a   0x000000e4   Code   RO         3068    .text               mf_w.l(dmul.o)
    0x0800062e   0x0800062e   0x000000de   Code   RO         3070    .text               mf_w.l(ddiv.o)
    0x0800070c   0x0800070c   0x00000030   Code   RO         3072    .text               mf_w.l(dfixul.o)
    0x0800073c   0x0800073c   0x00000030   Code   RO         3074    .text               mf_w.l(cdrcmple.o)
    0x0800076c   0x0800076c   0x00000024   Code   RO         3076    .text               mc_w.l(init.o)
    0x08000790   0x08000790   0x00000024   Code   RO         3078    .text               mc_w.l(llsshr.o)
    0x080007b4   0x080007b4   0x000000ba   Code   RO         3080    .text               mf_w.l(depilogue.o)
    0x0800086e   0x0800086e   0x0000003a   Code   RO         3090    .text               mc_w.l(__dczerorl.o)
    0x080008a8   0x080008a8   0x000000f0   Code   RO         1384    .text.ADC_ConfigureBoostMode  stm32h7xx_hal_adc.o
    0x08000998   0x08000998   0x0000000c   Code   RO          183    .text.ADC_IRQHandler  stm32h7xx_it.o
    0x080009a4   0x080009a4   0x00000004   PAD
    0x080009a8   0x080009a8   0x00000504   Code   RO         2535    .text.APP_GET_IDLECallback  my_usart.o
    0x08000eac   0x08000eac   0x00000004   PAD
    0x08000eb0   0x08000eb0   0x00000002   Code   RO          157    .text.BusFault_Handler  stm32h7xx_it.o
    0x08000eb2   0x08000eb2   0x00000006   PAD
    0x08000eb8   0x08000eb8   0x00000004   Code   RO          263    .text.CDC_Control_HS  usbd_cdc_if.o
    0x08000ebc   0x08000ebc   0x00000004   PAD
    0x08000ec0   0x08000ec0   0x00000004   Code   RO          261    .text.CDC_DeInit_HS  usbd_cdc_if.o
    0x08000ec4   0x08000ec4   0x00000004   PAD
    0x08000ec8   0x08000ec8   0x0000002c   Code   RO          259    .text.CDC_Init_HS   usbd_cdc_if.o
    0x08000ef4   0x08000ef4   0x00000004   PAD
    0x08000ef8   0x08000ef8   0x0000003a   Code   RO          265    .text.CDC_Receive_HS  usbd_cdc_if.o
    0x08000f32   0x08000f32   0x00000006   PAD
    0x08000f38   0x08000f38   0x00000004   Code   RO          267    .text.CDC_TransmitCplt_HS  usbd_cdc_if.o
    0x08000f3c   0x08000f3c   0x00000004   PAD
    0x08000f40   0x08000f40   0x0000000c   Code   RO          169    .text.DMA1_Stream0_IRQHandler  stm32h7xx_it.o
    0x08000f4c   0x08000f4c   0x00000004   PAD
    0x08000f50   0x08000f50   0x0000000c   Code   RO          171    .text.DMA1_Stream1_IRQHandler  stm32h7xx_it.o
    0x08000f5c   0x08000f5c   0x00000004   PAD
    0x08000f60   0x08000f60   0x0000000c   Code   RO          173    .text.DMA1_Stream2_IRQHandler  stm32h7xx_it.o
    0x08000f6c   0x08000f6c   0x00000004   PAD
    0x08000f70   0x08000f70   0x0000000c   Code   RO          175    .text.DMA1_Stream3_IRQHandler  stm32h7xx_it.o
    0x08000f7c   0x08000f7c   0x00000004   PAD
    0x08000f80   0x08000f80   0x0000000c   Code   RO          177    .text.DMA1_Stream4_IRQHandler  stm32h7xx_it.o
    0x08000f8c   0x08000f8c   0x00000004   PAD
    0x08000f90   0x08000f90   0x0000000c   Code   RO          179    .text.DMA1_Stream5_IRQHandler  stm32h7xx_it.o
    0x08000f9c   0x08000f9c   0x00000004   PAD
    0x08000fa0   0x08000fa0   0x0000000c   Code   RO          181    .text.DMA1_Stream6_IRQHandler  stm32h7xx_it.o
    0x08000fac   0x08000fac   0x00000004   PAD
    0x08000fb0   0x08000fb0   0x00000118   Code   RO          777    .text.DMA_CalcBaseAndBitshift  stm32h7xx_hal_dma.o
    0x080010c8   0x080010c8   0x000002fe   Code   RO          783    .text.DMA_SetConfig  stm32h7xx_hal_dma.o
    0x080013c6   0x080013c6   0x00000002   PAD
    0x080013c8   0x080013c8   0x00000002   Code   RO          163    .text.DebugMon_Handler  stm32h7xx_it.o
    0x080013ca   0x080013ca   0x00000006   PAD
    0x080013d0   0x080013d0   0x00000060   Code   RO         2678    .text.DriverState   my_motor_driver.o
    0x08001430   0x08001430   0x0000000a   Code   RO           17    .text.Error_Handler  main.o
    0x0800143a   0x0800143a   0x00000006   PAD
    0x08001440   0x08001440   0x0000001a   Code   RO         2243    .text.ExitRun0Mode  system_stm32h7xx.o
    0x0800145a   0x0800145a   0x00000006   PAD
    0x08001460   0x08001460   0x0000000c   Code   RO          185    .text.FDCAN1_IT0_IRQHandler  stm32h7xx_it.o
    0x0800146c   0x0800146c   0x00000004   PAD
    0x08001470   0x08001470   0x0000000c   Code   RO          203    .text.FDCAN3_IT0_IRQHandler  stm32h7xx_it.o
    0x0800147c   0x0800147c   0x00000004   PAD
    0x08001480   0x08001480   0x0000007a   Code   RO         1586    .text.FDCAN_CopyMessageToRAM  stm32h7xx_hal_fdcan.o
    0x080014fa   0x080014fa   0x00000006   PAD
    0x08001500   0x08001500   0x00000086   Code   RO         2650    .text.FDCAN_ENABLE  my_fdcan.o
    0x08001586   0x08001586   0x00000002   PAD
    0x08001588   0x08001588   0x0000028a   Code   RO         2710    .text.GetDriverMsg  my_motor_driver.o
    0x08001812   0x08001812   0x00000006   PAD
    0x08001818   0x08001818   0x00000098   Code   RO         2632    .text.GetSteeringWheelMsg  my_chassis_driver.o
    0x080018b0   0x080018b0   0x00000002   Code   RO         1484    .text.HAL_ADCEx_EndOfSamplingCallback  stm32h7xx_hal_adc_ex.o
    0x080018b2   0x080018b2   0x00000006   PAD
    0x080018b8   0x080018b8   0x00000002   Code   RO         1476    .text.HAL_ADCEx_InjectedConvCpltCallback  stm32h7xx_hal_adc_ex.o
    0x080018ba   0x080018ba   0x00000006   PAD
    0x080018c0   0x080018c0   0x00000002   Code   RO         1478    .text.HAL_ADCEx_InjectedQueueOverflowCallback  stm32h7xx_hal_adc_ex.o
    0x080018c2   0x080018c2   0x00000006   PAD
    0x080018c8   0x080018c8   0x00000002   Code   RO         1480    .text.HAL_ADCEx_LevelOutOfWindow2Callback  stm32h7xx_hal_adc_ex.o
    0x080018ca   0x080018ca   0x00000006   PAD
    0x080018d0   0x080018d0   0x00000002   Code   RO         1482    .text.HAL_ADCEx_LevelOutOfWindow3Callback  stm32h7xx_hal_adc_ex.o
    0x080018d2   0x080018d2   0x00000006   PAD
    0x080018d8   0x080018d8   0x000000fe   Code   RO         1496    .text.HAL_ADCEx_MultiModeConfigChannel  stm32h7xx_hal_adc_ex.o
    0x080019d6   0x080019d6   0x00000002   PAD
    0x080019d8   0x080019d8   0x0000062c   Code   RO         1430    .text.HAL_ADC_ConfigChannel  stm32h7xx_hal_adc.o
    0x08002004   0x08002004   0x00000004   PAD
    0x08002008   0x08002008   0x00000034   Code   RO         2586    .text.HAL_ADC_ConvCpltCallback  my_sensor.o
    0x0800203c   0x0800203c   0x00000004   PAD
    0x08002040   0x08002040   0x00000002   Code   RO         1426    .text.HAL_ADC_ErrorCallback  stm32h7xx_hal_adc.o
    0x08002042   0x08002042   0x00000006   PAD
    0x08002048   0x08002048   0x00000006   Code   RO         1418    .text.HAL_ADC_GetValue  stm32h7xx_hal_adc.o
    0x0800204e   0x0800204e   0x00000002   PAD
    0x08002050   0x08002050   0x000002ba   Code   RO         1420    .text.HAL_ADC_IRQHandler  stm32h7xx_hal_adc.o
    0x0800230a   0x0800230a   0x00000006   PAD
    0x08002310   0x08002310   0x0000027a   Code   RO         1380    .text.HAL_ADC_Init  stm32h7xx_hal_adc.o
    0x0800258a   0x0800258a   0x00000006   PAD
    0x08002590   0x08002590   0x00000002   Code   RO         1424    .text.HAL_ADC_LevelOutOfWindowCallback  stm32h7xx_hal_adc.o
    0x08002592   0x08002592   0x00000006   PAD
    0x08002598   0x08002598   0x00000078   Code   RO           40    .text.HAL_ADC_MspInit  adc.o
    0x08002610   0x08002610   0x000004ec   Code   RO          787    .text.HAL_DMA_Abort  stm32h7xx_hal_dma.o
    0x08002afc   0x08002afc   0x00000004   PAD
    0x08002b00   0x08002b00   0x0000029c   Code   RO          789    .text.HAL_DMA_Abort_IT  stm32h7xx_hal_dma.o
    0x08002d9c   0x08002d9c   0x00000004   PAD
    0x08002da0   0x08002da0   0x00000004   Code   RO          801    .text.HAL_DMA_GetError  stm32h7xx_hal_dma.o
    0x08002da4   0x08002da4   0x00000004   PAD
    0x08002da8   0x08002da8   0x00000a98   Code   RO          793    .text.HAL_DMA_IRQHandler  stm32h7xx_hal_dma.o
    0x08003840   0x08003840   0x00000640   Code   RO          775    .text.HAL_DMA_Init  stm32h7xx_hal_dma.o
    0x08003e80   0x08003e80   0x0000037e   Code   RO          785    .text.HAL_DMA_Start_IT  stm32h7xx_hal_dma.o
    0x080041fe   0x080041fe   0x00000002   PAD
    0x08004200   0x08004200   0x00000028   Code   RO         1081    .text.HAL_Delay     stm32h7xx_hal.o
    0x08004228   0x08004228   0x00000078   Code   RO         1664    .text.HAL_FDCAN_ActivateNotification  stm32h7xx_hal_fdcan.o
    0x080042a0   0x080042a0   0x00000066   Code   RO         1584    .text.HAL_FDCAN_AddMessageToTxFifoQ  stm32h7xx_hal_fdcan.o
    0x08004306   0x08004306   0x00000002   PAD
    0x08004308   0x08004308   0x00000002   Code   RO         1678    .text.HAL_FDCAN_ClockCalibrationCallback  stm32h7xx_hal_fdcan.o
    0x0800430a   0x0800430a   0x00000006   PAD
    0x08004310   0x08004310   0x00000088   Code   RO         1536    .text.HAL_FDCAN_ConfigFilter  stm32h7xx_hal_fdcan.o
    0x08004398   0x08004398   0x00000036   Code   RO         1538    .text.HAL_FDCAN_ConfigGlobalFilter  stm32h7xx_hal_fdcan.o
    0x080043ce   0x080043ce   0x00000002   PAD
    0x080043d0   0x080043d0   0x00000002   Code   RO         1706    .text.HAL_FDCAN_ErrorCallback  stm32h7xx_hal_fdcan.o
    0x080043d2   0x080043d2   0x00000006   PAD
    0x080043d8   0x080043d8   0x00000002   Code   RO         1696    .text.HAL_FDCAN_ErrorStatusCallback  stm32h7xx_hal_fdcan.o
    0x080043da   0x080043da   0x00000006   PAD
    0x080043e0   0x080043e0   0x00000012   Code   RO         1610    .text.HAL_FDCAN_GetRxFifoFillLevel  stm32h7xx_hal_fdcan.o
    0x080043f2   0x080043f2   0x00000006   PAD
    0x080043f8   0x080043f8   0x00000194   Code   RO         1596    .text.HAL_FDCAN_GetRxMessage  stm32h7xx_hal_fdcan.o
    0x0800458c   0x0800458c   0x00000004   PAD
    0x08004590   0x08004590   0x00000002   Code   RO         1674    .text.HAL_FDCAN_HighPriorityMessageCallback  stm32h7xx_hal_fdcan.o
    0x08004592   0x08004592   0x00000006   PAD
    0x08004598   0x08004598   0x00000316   Code   RO         1672    .text.HAL_FDCAN_IRQHandler  stm32h7xx_hal_fdcan.o
    0x080048ae   0x080048ae   0x00000002   PAD
    0x080048b0   0x080048b0   0x000003c6   Code   RO         1514    .text.HAL_FDCAN_Init  stm32h7xx_hal_fdcan.o
    0x08004c76   0x08004c76   0x00000002   PAD
    0x08004c78   0x08004c78   0x000000f4   Code   RO           67    .text.HAL_FDCAN_MspInit  fdcan.o
    0x08004d6c   0x08004d6c   0x00000004   PAD
    0x08004d70   0x08004d70   0x00000002   Code   RO         1690    .text.HAL_FDCAN_RxBufferNewMessageCallback  stm32h7xx_hal_fdcan.o
    0x08004d72   0x08004d72   0x00000006   PAD
    0x08004d78   0x08004d78   0x000000ac   Code   RO         2652    .text.HAL_FDCAN_RxFifo0Callback  my_fdcan.o
    0x08004e24   0x08004e24   0x00000004   PAD
    0x08004e28   0x08004e28   0x000000bc   Code   RO         2654    .text.HAL_FDCAN_RxFifo1Callback  my_fdcan.o
    0x08004ee4   0x08004ee4   0x00000004   PAD
    0x08004ee8   0x08004ee8   0x00000032   Code   RO         1582    .text.HAL_FDCAN_Start  stm32h7xx_hal_fdcan.o
    0x08004f1a   0x08004f1a   0x00000006   PAD
    0x08004f20   0x08004f20   0x00000002   Code   RO         1704    .text.HAL_FDCAN_TT_GlobalTimeCallback  stm32h7xx_hal_fdcan.o
    0x08004f22   0x08004f22   0x00000006   PAD
    0x08004f28   0x08004f28   0x00000002   Code   RO         1698    .text.HAL_FDCAN_TT_ScheduleSyncCallback  stm32h7xx_hal_fdcan.o
    0x08004f2a   0x08004f2a   0x00000006   PAD
    0x08004f30   0x08004f30   0x00000002   Code   RO         1702    .text.HAL_FDCAN_TT_StopWatchCallback  stm32h7xx_hal_fdcan.o
    0x08004f32   0x08004f32   0x00000006   PAD
    0x08004f38   0x08004f38   0x00000002   Code   RO         1700    .text.HAL_FDCAN_TT_TimeMarkCallback  stm32h7xx_hal_fdcan.o
    0x08004f3a   0x08004f3a   0x00000006   PAD
    0x08004f40   0x08004f40   0x00000002   Code   RO         1694    .text.HAL_FDCAN_TimeoutOccurredCallback  stm32h7xx_hal_fdcan.o
    0x08004f42   0x08004f42   0x00000006   PAD
    0x08004f48   0x08004f48   0x00000002   Code   RO         1692    .text.HAL_FDCAN_TimestampWraparoundCallback  stm32h7xx_hal_fdcan.o
    0x08004f4a   0x08004f4a   0x00000006   PAD
    0x08004f50   0x08004f50   0x00000002   Code   RO         1676    .text.HAL_FDCAN_TxBufferAbortCallback  stm32h7xx_hal_fdcan.o
    0x08004f52   0x08004f52   0x00000006   PAD
    0x08004f58   0x08004f58   0x00000002   Code   RO         1688    .text.HAL_FDCAN_TxBufferCompleteCallback  stm32h7xx_hal_fdcan.o
    0x08004f5a   0x08004f5a   0x00000006   PAD
    0x08004f60   0x08004f60   0x00000002   Code   RO         1680    .text.HAL_FDCAN_TxEventFifoCallback  stm32h7xx_hal_fdcan.o
    0x08004f62   0x08004f62   0x00000006   PAD
    0x08004f68   0x08004f68   0x00000002   Code   RO         1686    .text.HAL_FDCAN_TxFifoEmptyCallback  stm32h7xx_hal_fdcan.o
    0x08004f6a   0x08004f6a   0x00000006   PAD
    0x08004f70   0x08004f70   0x0000019e   Code   RO          721    .text.HAL_GPIO_Init  stm32h7xx_hal_gpio.o
    0x0800510e   0x0800510e   0x00000002   PAD
    0x08005110   0x08005110   0x0000000a   Code   RO          727    .text.HAL_GPIO_WritePin  stm32h7xx_hal_gpio.o
    0x0800511a   0x0800511a   0x00000006   PAD
    0x08005120   0x08005120   0x0000000c   Code   RO         1073    .text.HAL_GetTick   stm32h7xx_hal.o
    0x0800512c   0x0800512c   0x00000004   PAD
    0x08005130   0x08005130   0x0000004a   Code   RO         1334    .text.HAL_I2CEx_ConfigAnalogFilter  stm32h7xx_hal_i2c_ex.o
    0x0800517a   0x0800517a   0x00000006   PAD
    0x08005180   0x08005180   0x00000048   Code   RO         1336    .text.HAL_I2CEx_ConfigDigitalFilter  stm32h7xx_hal_i2c_ex.o
    0x080051c8   0x080051c8   0x00000010   Code   RO         1280    .text.HAL_I2C_EV_IRQHandler  stm32h7xx_hal_i2c.o
    0x080051d8   0x080051d8   0x000000a6   Code   RO         1180    .text.HAL_I2C_Init  stm32h7xx_hal_i2c.o
    0x0800527e   0x0800527e   0x00000002   PAD
    0x08005280   0x08005280   0x0000011e   Code   RO           84    .text.HAL_I2C_MspInit  i2c.o
    0x0800539e   0x0800539e   0x00000002   PAD
    0x080053a0   0x080053a0   0x0000001a   Code   RO         1071    .text.HAL_IncTick   stm32h7xx_hal.o
    0x080053ba   0x080053ba   0x00000006   PAD
    0x080053c0   0x080053c0   0x00000064   Code   RO         1061    .text.HAL_Init      stm32h7xx_hal.o
    0x08005424   0x08005424   0x00000004   PAD
    0x08005428   0x08005428   0x00000054   Code   RO         1063    .text.HAL_InitTick  stm32h7xx_hal.o
    0x0800547c   0x0800547c   0x00000004   PAD
    0x08005480   0x08005480   0x00000020   Code   RO          212    .text.HAL_MspInit   stm32h7xx_hal_msp.o
    0x080054a0   0x080054a0   0x00000020   Code   RO         1013    .text.HAL_NVIC_EnableIRQ  stm32h7xx_hal_cortex.o
    0x080054c0   0x080054c0   0x0000005a   Code   RO         1011    .text.HAL_NVIC_SetPriority  stm32h7xx_hal_cortex.o
    0x0800551a   0x0800551a   0x00000006   PAD
    0x08005520   0x08005520   0x00000020   Code   RO         1009    .text.HAL_NVIC_SetPriorityGrouping  stm32h7xx_hal_cortex.o
    0x08005540   0x08005540   0x00000026   Code   RO          434    .text.HAL_PCDEx_ActivateLPM  stm32h7xx_hal_pcd_ex.o
    0x08005566   0x08005566   0x00000002   PAD
    0x08005568   0x08005568   0x00000002   Code   RO          446    .text.HAL_PCDEx_LPM_Callback  stm32h7xx_hal_pcd_ex.o
    0x0800556a   0x0800556a   0x00000006   PAD
    0x08005570   0x08005570   0x00000008   Code   RO          432    .text.HAL_PCDEx_SetRxFiFo  stm32h7xx_hal_pcd_ex.o
    0x08005578   0x08005578   0x0000004e   Code   RO          430    .text.HAL_PCDEx_SetTxFiFo  stm32h7xx_hal_pcd_ex.o
    0x080055c6   0x080055c6   0x00000002   PAD
    0x080055c8   0x080055c8   0x00000008   Code   RO          304    .text.HAL_PCD_ConnectCallback  usbd_conf.o
    0x080055d0   0x080055d0   0x00000012   Code   RO          290    .text.HAL_PCD_DataInStageCallback  usbd_conf.o
    0x080055e2   0x080055e2   0x00000006   PAD
    0x080055e8   0x080055e8   0x00000014   Code   RO          288    .text.HAL_PCD_DataOutStageCallback  usbd_conf.o
    0x080055fc   0x080055fc   0x00000004   PAD
    0x08005600   0x08005600   0x00000008   Code   RO          306    .text.HAL_PCD_DisconnectCallback  usbd_conf.o
    0x08005608   0x08005608   0x0000004e   Code   RO          400    .text.HAL_PCD_EP_Close  stm32h7xx_hal_pcd.o
    0x08005656   0x08005656   0x00000002   PAD
    0x08005658   0x08005658   0x00000064   Code   RO          410    .text.HAL_PCD_EP_ClrStall  stm32h7xx_hal_pcd.o
    0x080056bc   0x080056bc   0x00000004   PAD
    0x080056c0   0x080056c0   0x00000012   Code   RO          404    .text.HAL_PCD_EP_GetRxCount  stm32h7xx_hal_pcd.o
    0x080056d2   0x080056d2   0x00000006   PAD
    0x080056d8   0x080056d8   0x0000006c   Code   RO          398    .text.HAL_PCD_EP_Open  stm32h7xx_hal_pcd.o
    0x08005744   0x08005744   0x00000004   PAD
    0x08005748   0x08005748   0x0000003a   Code   RO          402    .text.HAL_PCD_EP_Receive  stm32h7xx_hal_pcd.o
    0x08005782   0x08005782   0x00000006   PAD
    0x08005788   0x08005788   0x00000070   Code   RO          408    .text.HAL_PCD_EP_SetStall  stm32h7xx_hal_pcd.o
    0x080057f8   0x080057f8   0x0000003e   Code   RO          406    .text.HAL_PCD_EP_Transmit  stm32h7xx_hal_pcd.o
    0x08005836   0x08005836   0x00000002   PAD
    0x08005838   0x08005838   0x0000080e   Code   RO          366    .text.HAL_PCD_IRQHandler  stm32h7xx_hal_pcd.o
    0x08006046   0x08006046   0x00000002   PAD
    0x08006048   0x08006048   0x00000008   Code   RO          302    .text.HAL_PCD_ISOINIncompleteCallback  usbd_conf.o
    0x08006050   0x08006050   0x00000008   Code   RO          300    .text.HAL_PCD_ISOOUTIncompleteCallback  usbd_conf.o
    0x08006058   0x08006058   0x000000ec   Code   RO          354    .text.HAL_PCD_Init  stm32h7xx_hal_pcd.o
    0x08006144   0x08006144   0x00000004   PAD
    0x08006148   0x08006148   0x0000012a   Code   RO          282    .text.HAL_PCD_MspInit  usbd_conf.o
    0x08006272   0x08006272   0x00000006   PAD
    0x08006278   0x08006278   0x0000002a   Code   RO          294    .text.HAL_PCD_ResetCallback  usbd_conf.o
    0x080062a2   0x080062a2   0x00000006   PAD
    0x080062a8   0x080062a8   0x00000008   Code   RO          298    .text.HAL_PCD_ResumeCallback  usbd_conf.o
    0x080062b0   0x080062b0   0x00000008   Code   RO          292    .text.HAL_PCD_SOFCallback  usbd_conf.o
    0x080062b8   0x080062b8   0x00000026   Code   RO          396    .text.HAL_PCD_SetAddress  stm32h7xx_hal_pcd.o
    0x080062de   0x080062de   0x00000002   PAD
    0x080062e0   0x080062e0   0x0000000e   Code   RO          286    .text.HAL_PCD_SetupStageCallback  usbd_conf.o
    0x080062ee   0x080062ee   0x00000002   PAD
    0x080062f0   0x080062f0   0x0000003e   Code   RO          362    .text.HAL_PCD_Start  stm32h7xx_hal_pcd.o
    0x0800632e   0x0800632e   0x00000002   PAD
    0x08006330   0x08006330   0x00000034   Code   RO          296    .text.HAL_PCD_SuspendCallback  usbd_conf.o
    0x08006364   0x08006364   0x00000004   PAD
    0x08006368   0x08006368   0x00000048   Code   RO          925    .text.HAL_PWREx_ConfigSupply  stm32h7xx_hal_pwr_ex.o
    0x080063b0   0x080063b0   0x00000012   Code   RO          975    .text.HAL_PWREx_EnableUSBVoltageDetector  stm32h7xx_hal_pwr_ex.o
    0x080063c2   0x080063c2   0x00000006   PAD
    0x080063c8   0x080063c8   0x00000026   Code   RO          612    .text.HAL_RCCEx_GetD3PCLK1Freq  stm32h7xx_hal_rcc_ex.o
    0x080063ee   0x080063ee   0x00000002   PAD
    0x080063f0   0x080063f0   0x0000012c   Code   RO          606    .text.HAL_RCCEx_GetPLL1ClockFreq  stm32h7xx_hal_rcc_ex.o
    0x0800651c   0x0800651c   0x00000004   PAD
    0x08006520   0x08006520   0x00000128   Code   RO          608    .text.HAL_RCCEx_GetPLL2ClockFreq  stm32h7xx_hal_rcc_ex.o
    0x08006648   0x08006648   0x00000128   Code   RO          610    .text.HAL_RCCEx_GetPLL3ClockFreq  stm32h7xx_hal_rcc_ex.o
    0x08006770   0x08006770   0x000003ca   Code   RO          604    .text.HAL_RCCEx_GetPeriphCLKFreq  stm32h7xx_hal_rcc_ex.o
    0x08006b3a   0x08006b3a   0x00000006   PAD
    0x08006b40   0x08006b40   0x0000097e   Code   RO          596    .text.HAL_RCCEx_PeriphCLKConfig  stm32h7xx_hal_rcc_ex.o
    0x080074be   0x080074be   0x00000002   PAD
    0x080074c0   0x080074c0   0x00000258   Code   RO          564    .text.HAL_RCC_ClockConfig  stm32h7xx_hal_rcc.o
    0x08007718   0x08007718   0x0000004c   Code   RO          574    .text.HAL_RCC_GetHCLKFreq  stm32h7xx_hal_rcc.o
    0x08007764   0x08007764   0x00000004   PAD
    0x08007768   0x08007768   0x00000060   Code   RO          576    .text.HAL_RCC_GetPCLK1Freq  stm32h7xx_hal_rcc.o
    0x080077c8   0x080077c8   0x00000060   Code   RO          578    .text.HAL_RCC_GetPCLK2Freq  stm32h7xx_hal_rcc.o
    0x08007828   0x08007828   0x0000010c   Code   RO          566    .text.HAL_RCC_GetSysClockFreq  stm32h7xx_hal_rcc.o
    0x08007934   0x08007934   0x00000004   PAD
    0x08007938   0x08007938   0x0000055c   Code   RO          562    .text.HAL_RCC_OscConfig  stm32h7xx_hal_rcc.o
    0x08007e94   0x08007e94   0x00000004   PAD
    0x08007e98   0x08007e98   0x0000002c   Code   RO         1021    .text.HAL_SYSTICK_Config  stm32h7xx_hal_cortex.o
    0x08007ec4   0x08007ec4   0x00000004   PAD
    0x08007ec8   0x08007ec8   0x00000002   Code   RO         2039    .text.HAL_TIMEx_Break2Callback  stm32h7xx_hal_tim_ex.o
    0x08007eca   0x08007eca   0x00000006   PAD
    0x08007ed0   0x08007ed0   0x00000002   Code   RO         2037    .text.HAL_TIMEx_BreakCallback  stm32h7xx_hal_tim_ex.o
    0x08007ed2   0x08007ed2   0x00000006   PAD
    0x08007ed8   0x08007ed8   0x00000002   Code   RO         2033    .text.HAL_TIMEx_CommutCallback  stm32h7xx_hal_tim_ex.o
    0x08007eda   0x08007eda   0x00000006   PAD
    0x08007ee0   0x08007ee0   0x000000ce   Code   RO         2019    .text.HAL_TIMEx_ConfigBreakDeadTime  stm32h7xx_hal_tim_ex.o
    0x08007fae   0x08007fae   0x00000002   PAD
    0x08007fb0   0x08007fb0   0x000000e0   Code   RO         2017    .text.HAL_TIMEx_MasterConfigSynchronization  stm32h7xx_hal_tim_ex.o
    0x08008090   0x08008090   0x00000060   Code   RO         1722    .text.HAL_TIM_Base_Init  stm32h7xx_hal_tim.o
    0x080080f0   0x080080f0   0x0000006a   Code   RO          106    .text.HAL_TIM_Base_MspInit  tim.o
    0x0800815a   0x0800815a   0x00000006   PAD
    0x08008160   0x08008160   0x000000c2   Code   RO         1732    .text.HAL_TIM_Base_Start  stm32h7xx_hal_tim.o
    0x08008222   0x08008222   0x00000006   PAD
    0x08008228   0x08008228   0x000000ca   Code   RO         1736    .text.HAL_TIM_Base_Start_IT  stm32h7xx_hal_tim.o
    0x080082f2   0x080082f2   0x00000006   PAD
    0x080082f8   0x080082f8   0x000001f0   Code   RO         1902    .text.HAL_TIM_ConfigClockSource  stm32h7xx_hal_tim.o
    0x080084e8   0x080084e8   0x00000002   Code   RO         1858    .text.HAL_TIM_IC_CaptureCallback  stm32h7xx_hal_tim.o
    0x080084ea   0x080084ea   0x00000006   PAD
    0x080084f0   0x080084f0   0x00000166   Code   RO         1856    .text.HAL_TIM_IRQHandler  stm32h7xx_hal_tim.o
    0x08008656   0x08008656   0x00000002   PAD
    0x08008658   0x08008658   0x00000002   Code   RO         1860    .text.HAL_TIM_OC_DelayElapsedCallback  stm32h7xx_hal_tim.o
    0x0800865a   0x0800865a   0x00000006   PAD
    0x08008660   0x08008660   0x000004a4   Code   RO         1876    .text.HAL_TIM_PWM_ConfigChannel  stm32h7xx_hal_tim.o
    0x08008b04   0x08008b04   0x00000004   PAD
    0x08008b08   0x08008b08   0x00000060   Code   RO         1776    .text.HAL_TIM_PWM_Init  stm32h7xx_hal_tim.o
    0x08008b68   0x08008b68   0x00000002   Code   RO         1778    .text.HAL_TIM_PWM_MspInit  stm32h7xx_hal_tim.o
    0x08008b6a   0x08008b6a   0x00000006   PAD
    0x08008b70   0x08008b70   0x00000002   Code   RO         1862    .text.HAL_TIM_PWM_PulseFinishedCallback  stm32h7xx_hal_tim.o
    0x08008b72   0x08008b72   0x00000006   PAD
    0x08008b78   0x08008b78   0x000001ea   Code   RO         1784    .text.HAL_TIM_PWM_Start  stm32h7xx_hal_tim.o
    0x08008d62   0x08008d62   0x00000006   PAD
    0x08008d68   0x08008d68   0x00000100   Code   RO         2516    .text.HAL_TIM_PeriodElapsedCallback  my_tim.o
    0x08008e68   0x08008e68   0x00000002   Code   RO         1866    .text.HAL_TIM_TriggerCallback  stm32h7xx_hal_tim.o
    0x08008e6a   0x08008e6a   0x00000006   PAD
    0x08008e70   0x08008e70   0x00000036   Code   RO         2216    .text.HAL_UARTEx_DisableFifoMode  stm32h7xx_hal_uart_ex.o
    0x08008ea6   0x08008ea6   0x00000002   PAD
    0x08008ea8   0x08008ea8   0x00000002   Code   RO         2143    .text.HAL_UARTEx_RxEventCallback  stm32h7xx_hal_uart.o
    0x08008eaa   0x08008eaa   0x00000006   PAD
    0x08008eb0   0x08008eb0   0x00000002   Code   RO         2202    .text.HAL_UARTEx_RxFifoFullCallback  stm32h7xx_hal_uart_ex.o
    0x08008eb2   0x08008eb2   0x00000006   PAD
    0x08008eb8   0x08008eb8   0x00000092   Code   RO         2220    .text.HAL_UARTEx_SetRxFifoThreshold  stm32h7xx_hal_uart_ex.o
    0x08008f4a   0x08008f4a   0x00000006   PAD
    0x08008f50   0x08008f50   0x00000092   Code   RO         2218    .text.HAL_UARTEx_SetTxFifoThreshold  stm32h7xx_hal_uart_ex.o
    0x08008fe2   0x08008fe2   0x00000006   PAD
    0x08008fe8   0x08008fe8   0x00000002   Code   RO         2204    .text.HAL_UARTEx_TxFifoEmptyCallback  stm32h7xx_hal_uart_ex.o
    0x08008fea   0x08008fea   0x00000006   PAD
    0x08008ff0   0x08008ff0   0x00000002   Code   RO         2200    .text.HAL_UARTEx_WakeupCallback  stm32h7xx_hal_uart_ex.o
    0x08008ff2   0x08008ff2   0x00000006   PAD
    0x08008ff8   0x08008ff8   0x000000ac   Code   RO         2115    .text.HAL_UART_AbortReceive  stm32h7xx_hal_uart.o
    0x080090a4   0x080090a4   0x00000004   PAD
    0x080090a8   0x080090a8   0x0000010e   Code   RO         2109    .text.HAL_UART_DMAStop  stm32h7xx_hal_uart.o
    0x080091b6   0x080091b6   0x00000002   PAD
    0x080091b8   0x080091b8   0x00000002   Code   RO         2141    .text.HAL_UART_ErrorCallback  stm32h7xx_hal_uart.o
    0x080091ba   0x080091ba   0x00000006   PAD
    0x080091c0   0x080091c0   0x00000482   Code   RO         2137    .text.HAL_UART_IRQHandler  stm32h7xx_hal_uart.o
    0x08009642   0x08009642   0x00000006   PAD
    0x08009648   0x08009648   0x00000066   Code   RO         2053    .text.HAL_UART_Init  stm32h7xx_hal_uart.o
    0x080096ae   0x080096ae   0x00000002   PAD
    0x080096b0   0x080096b0   0x0000038e   Code   RO          130    .text.HAL_UART_MspInit  usart.o
    0x08009a3e   0x08009a3e   0x00000002   PAD
    0x08009a40   0x08009a40   0x000000ec   Code   RO         2101    .text.HAL_UART_Receive_DMA  stm32h7xx_hal_uart.o
    0x08009b2c   0x08009b2c   0x00000004   PAD
    0x08009b30   0x08009b30   0x0000005a   Code   RO         2089    .text.HAL_UART_Receive_IT  stm32h7xx_hal_uart.o
    0x08009b8a   0x08009b8a   0x00000006   PAD
    0x08009b90   0x08009b90   0x000000bc   Code   RO         2541    .text.HAL_UART_RxCpltCallback  my_usart.o
    0x08009c4c   0x08009c4c   0x00000004   PAD
    0x08009c50   0x08009c50   0x00000002   Code   RO         2151    .text.HAL_UART_RxHalfCpltCallback  stm32h7xx_hal_uart.o
    0x08009c52   0x08009c52   0x00000006   PAD
    0x08009c58   0x08009c58   0x000000ae   Code   RO         2079    .text.HAL_UART_Transmit_IT  stm32h7xx_hal_uart.o
    0x08009d06   0x08009d06   0x00000002   PAD
    0x08009d08   0x08009d08   0x00000002   Code   RO         2145    .text.HAL_UART_TxCpltCallback  stm32h7xx_hal_uart.o
    0x08009d0a   0x08009d0a   0x00000006   PAD
    0x08009d10   0x08009d10   0x00000002   Code   RO          153    .text.HardFault_Handler  stm32h7xx_it.o
    0x08009d12   0x08009d12   0x00000006   PAD
    0x08009d18   0x08009d18   0x0000000c   Code   RO          189    .text.I2C1_EV_IRQHandler  stm32h7xx_it.o
    0x08009d24   0x08009d24   0x00000004   PAD
    0x08009d28   0x08009d28   0x00000014   Code   RO         2592    .text.IIRFilter_Init  my_sensor.o
    0x08009d3c   0x08009d3c   0x00000004   PAD
    0x08009d40   0x08009d40   0x000000a2   Code   RO           38    .text.MX_ADC1_Init  adc.o
    0x08009de2   0x08009de2   0x00000006   PAD
    0x08009de8   0x08009de8   0x000000da   Code   RO           53    .text.MX_DMA_Init   dma.o
    0x08009ec2   0x08009ec2   0x00000006   PAD
    0x08009ec8   0x08009ec8   0x00000068   Code   RO           63    .text.MX_FDCAN1_Init  fdcan.o
    0x08009f30   0x08009f30   0x00000074   Code   RO           65    .text.MX_FDCAN3_Init  fdcan.o
    0x08009fa4   0x08009fa4   0x00000004   PAD
    0x08009fa8   0x08009fa8   0x0000015e   Code   RO           29    .text.MX_GPIO_Init  gpio.o
    0x0800a106   0x0800a106   0x00000002   PAD
    0x0800a108   0x0800a108   0x0000006c   Code   RO           82    .text.MX_I2C1_Init  i2c.o
    0x0800a174   0x0800a174   0x00000004   PAD
    0x0800a178   0x0800a178   0x0000016a   Code   RO          100    .text.MX_TIM1_Init  tim.o
    0x0800a2e2   0x0800a2e2   0x00000006   PAD
    0x0800a2e8   0x0800a2e8   0x0000007e   Code   RO          104    .text.MX_TIM3_Init  tim.o
    0x0800a366   0x0800a366   0x00000002   PAD
    0x0800a368   0x0800a368   0x0000007c   Code   RO          120    .text.MX_UART8_Init  usart.o
    0x0800a3e4   0x0800a3e4   0x00000004   PAD
    0x0800a3e8   0x0800a3e8   0x0000007c   Code   RO          122    .text.MX_UART9_Init  usart.o
    0x0800a464   0x0800a464   0x00000004   PAD
    0x0800a468   0x0800a468   0x0000007c   Code   RO          128    .text.MX_USART10_UART_Init  usart.o
    0x0800a4e4   0x0800a4e4   0x00000004   PAD
    0x0800a4e8   0x0800a4e8   0x0000007c   Code   RO          124    .text.MX_USART1_UART_Init  usart.o
    0x0800a564   0x0800a564   0x00000004   PAD
    0x0800a568   0x0800a568   0x0000007c   Code   RO          126    .text.MX_USART3_UART_Init  usart.o
    0x0800a5e4   0x0800a5e4   0x00000004   PAD
    0x0800a5e8   0x0800a5e8   0x0000006c   Code   RO          220    .text.MX_USB_DEVICE_Init  usb_device.o
    0x0800a654   0x0800a654   0x00000004   PAD
    0x0800a658   0x0800a658   0x00000002   Code   RO          155    .text.MemManage_Handler  stm32h7xx_it.o
    0x0800a65a   0x0800a65a   0x00000006   PAD
    0x0800a660   0x0800a660   0x00000002   Code   RO          151    .text.NMI_Handler   stm32h7xx_it.o
    0x0800a662   0x0800a662   0x00000006   PAD
    0x0800a668   0x0800a668   0x0000000c   Code   RO          195    .text.OTG_HS_IRQHandler  stm32h7xx_it.o
    0x0800a674   0x0800a674   0x00000004   PAD
    0x0800a678   0x0800a678   0x0000015a   Code   RO         2547    .text.PartnerMsgReicve  my_usart.o
    0x0800a7d2   0x0800a7d2   0x00000006   PAD
    0x0800a7d8   0x0800a7d8   0x00000002   Code   RO          165    .text.PendSV_Handler  stm32h7xx_it.o
    0x0800a7da   0x0800a7da   0x00000006   PAD
    0x0800a7e0   0x0800a7e0   0x00000078   Code   RO         2682    .text.PosCtrl       my_motor_driver.o
    0x0800a858   0x0800a858   0x0000011e   Code   RO          598    .text.RCCEx_PLL2_Config  stm32h7xx_hal_rcc_ex.o
    0x0800a976   0x0800a976   0x00000002   PAD
    0x0800a978   0x0800a978   0x0000011e   Code   RO          600    .text.RCCEx_PLL3_Config  stm32h7xx_hal_rcc_ex.o
    0x0800aa96   0x0800aa96   0x00000002   PAD
    0x0800aa98   0x0800aa98   0x0000008e   Code   RO         2549    .text.ROBOT_RxIRQHandler  my_usart.o
    0x0800ab26   0x0800ab26   0x00000002   PAD
    0x0800ab28   0x0800ab28   0x00000054   Code   RO         2696    .text.ReadPVT       my_motor_driver.o
    0x0800ab7c   0x0800ab7c   0x00000004   PAD
    0x0800ab80   0x0800ab80   0x0000005a   Code   RO         2676    .text.ResetControlMode  my_motor_driver.o
    0x0800abda   0x0800abda   0x00000006   PAD
    0x0800abe0   0x0800abe0   0x0000004e   Code   RO         2668    .text.ResetFlag     my_motor_driver.o
    0x0800ac2e   0x0800ac2e   0x00000002   PAD
    0x0800ac30   0x0800ac30   0x00000002   Code   RO          161    .text.SVC_Handler   stm32h7xx_it.o
    0x0800ac32   0x0800ac32   0x00000006   PAD
    0x0800ac38   0x0800ac38   0x00000014   Code   RO         2636    .text.Saturation_int  my_chassis_driver.o
    0x0800ac4c   0x0800ac4c   0x00000004   PAD
    0x0800ac50   0x0800ac50   0x00000014   Code   RO         2638    .text.Saturation_uint32  my_chassis_driver.o
    0x0800ac64   0x0800ac64   0x00000004   PAD
    0x0800ac68   0x0800ac68   0x0000006c   Code   RO         2724    .text.SetPosKD      my_motor_driver.o
    0x0800acd4   0x0800acd4   0x00000004   PAD
    0x0800acd8   0x0800acd8   0x0000006c   Code   RO         2722    .text.SetPosKP      my_motor_driver.o
    0x0800ad44   0x0800ad44   0x00000004   PAD
    0x0800ad48   0x0800ad48   0x0000007a   Code   RO         2692    .text.SetVelLimit   my_motor_driver.o
    0x0800adc2   0x0800adc2   0x00000006   PAD
    0x0800adc8   0x0800adc8   0x0000014c   Code   RO         2624    .text.SteeringWheelCtrl  my_chassis_driver.o
    0x0800af14   0x0800af14   0x00000004   PAD
    0x0800af18   0x0800af18   0x00000004   Code   RO          167    .text.SysTick_Handler  stm32h7xx_it.o
    0x0800af1c   0x0800af1c   0x00000004   PAD
    0x0800af20   0x0800af20   0x000000b6   Code   RO           13    .text.SystemClock_Config  main.o
    0x0800afd6   0x0800afd6   0x00000002   PAD
    0x0800afd8   0x0800afd8   0x000000d2   Code   RO         2239    .text.SystemInit    system_stm32h7xx.o
    0x0800b0aa   0x0800b0aa   0x00000006   PAD
    0x0800b0b0   0x0800b0b0   0x0000000c   Code   RO          187    .text.TIM3_IRQHandler  stm32h7xx_it.o
    0x0800b0bc   0x0800b0bc   0x00000004   PAD
    0x0800b0c0   0x0800b0c0   0x0000015a   Code   RO         1726    .text.TIM_Base_SetConfig  stm32h7xx_hal_tim.o
    0x0800b21a   0x0800b21a   0x00000006   PAD
    0x0800b220   0x0800b220   0x00000042   Code   RO         2518    .text.TIM_ENABLE    my_tim.o
    0x0800b262   0x0800b262   0x00000006   PAD
    0x0800b268   0x0800b268   0x0000000c   Code   RO          197    .text.UART8_IRQHandler  stm32h7xx_it.o
    0x0800b274   0x0800b274   0x00000004   PAD
    0x0800b278   0x0800b278   0x0000000c   Code   RO          199    .text.UART9_IRQHandler  stm32h7xx_it.o
    0x0800b284   0x0800b284   0x00000004   PAD
    0x0800b288   0x0800b288   0x000000e0   Code   RO         2057    .text.UART_AdvFeatureConfig  stm32h7xx_hal_uart.o
    0x0800b368   0x0800b368   0x000000b8   Code   RO         2061    .text.UART_CheckIdleState  stm32h7xx_hal_uart.o
    0x0800b420   0x0800b420   0x0000000c   Code   RO         2139    .text.UART_DMAAbortOnError  stm32h7xx_hal_uart.o
    0x0800b42c   0x0800b42c   0x00000004   PAD
    0x0800b430   0x0800b430   0x000000c8   Code   RO         2099    .text.UART_DMAError  stm32h7xx_hal_uart.o
    0x0800b4f8   0x0800b4f8   0x00000082   Code   RO         2183    .text.UART_DMAReceiveCplt  stm32h7xx_hal_uart.o
    0x0800b57a   0x0800b57a   0x00000006   PAD
    0x0800b580   0x0800b580   0x0000001a   Code   RO         2185    .text.UART_DMARxHalfCplt  stm32h7xx_hal_uart.o
    0x0800b59a   0x0800b59a   0x00000006   PAD
    0x0800b5a0   0x0800b5a0   0x000000ce   Code   RO         2179    .text.UART_RxISR_16BIT  stm32h7xx_hal_uart.o
    0x0800b66e   0x0800b66e   0x00000002   PAD
    0x0800b670   0x0800b670   0x000001c2   Code   RO         2175    .text.UART_RxISR_16BIT_FIFOEN  stm32h7xx_hal_uart.o
    0x0800b832   0x0800b832   0x00000006   PAD
    0x0800b838   0x0800b838   0x000000ce   Code   RO         2181    .text.UART_RxISR_8BIT  stm32h7xx_hal_uart.o
    0x0800b906   0x0800b906   0x00000002   PAD
    0x0800b908   0x0800b908   0x000001c6   Code   RO         2177    .text.UART_RxISR_8BIT_FIFOEN  stm32h7xx_hal_uart.o
    0x0800bace   0x0800bace   0x00000002   PAD
    0x0800bad0   0x0800bad0   0x000004d8   Code   RO         2059    .text.UART_SetConfig  stm32h7xx_hal_uart.o
    0x0800bfa8   0x0800bfa8   0x0000011c   Code   RO         2091    .text.UART_Start_Receive_IT  stm32h7xx_hal_uart.o
    0x0800c0c4   0x0800c0c4   0x00000004   PAD
    0x0800c0c8   0x0800c0c8   0x00000056   Code   RO         2085    .text.UART_TxISR_16BIT  stm32h7xx_hal_uart.o
    0x0800c11e   0x0800c11e   0x00000002   PAD
    0x0800c120   0x0800c120   0x00000072   Code   RO         2081    .text.UART_TxISR_16BIT_FIFOEN  stm32h7xx_hal_uart.o
    0x0800c192   0x0800c192   0x00000006   PAD
    0x0800c198   0x0800c198   0x00000052   Code   RO         2087    .text.UART_TxISR_8BIT  stm32h7xx_hal_uart.o
    0x0800c1ea   0x0800c1ea   0x00000006   PAD
    0x0800c1f0   0x0800c1f0   0x0000006e   Code   RO         2083    .text.UART_TxISR_8BIT_FIFOEN  stm32h7xx_hal_uart.o
    0x0800c25e   0x0800c25e   0x00000002   PAD
    0x0800c260   0x0800c260   0x00000146   Code   RO         2075    .text.UART_WaitOnFlagUntilTimeout  stm32h7xx_hal_uart.o
    0x0800c3a6   0x0800c3a6   0x00000002   PAD
    0x0800c3a8   0x0800c3a8   0x0000000c   Code   RO          201    .text.USART10_IRQHandler  stm32h7xx_it.o
    0x0800c3b4   0x0800c3b4   0x00000004   PAD
    0x0800c3b8   0x0800c3b8   0x0000001a   Code   RO          191    .text.USART1_IRQHandler  stm32h7xx_it.o
    0x0800c3d2   0x0800c3d2   0x00000006   PAD
    0x0800c3d8   0x0800c3d8   0x0000001a   Code   RO          193    .text.USART3_IRQHandler  stm32h7xx_it.o
    0x0800c3f2   0x0800c3f2   0x00000006   PAD
    0x0800c3f8   0x0800c3f8   0x000000ba   Code   RO         2551    .text.USART_ENABLE  my_usart.o
    0x0800c4b2   0x0800c4b2   0x00000006   PAD
    0x0800c4b8   0x0800c4b8   0x00000072   Code   RO         2363    .text.USBD_CDC_DataIn  usbd_cdc.o
    0x0800c52a   0x0800c52a   0x00000006   PAD
    0x0800c530   0x0800c530   0x0000003c   Code   RO         2365    .text.USBD_CDC_DataOut  usbd_cdc.o
    0x0800c56c   0x0800c56c   0x00000004   PAD
    0x0800c570   0x0800c570   0x0000005a   Code   RO         2357    .text.USBD_CDC_DeInit  usbd_cdc.o
    0x0800c5ca   0x0800c5ca   0x00000006   PAD
    0x0800c5d0   0x0800c5d0   0x0000003a   Code   RO         2361    .text.USBD_CDC_EP0_RxReady  usbd_cdc.o
    0x0800c60a   0x0800c60a   0x00000006   PAD
    0x0800c610   0x0800c610   0x00000010   Code   RO         2373    .text.USBD_CDC_GetDeviceQualifierDescriptor  usbd_cdc.o
    0x0800c620   0x0800c620   0x00000052   Code   RO         2369    .text.USBD_CDC_GetFSCfgDesc  usbd_cdc.o
    0x0800c672   0x0800c672   0x00000006   PAD
    0x0800c678   0x0800c678   0x00000056   Code   RO         2367    .text.USBD_CDC_GetHSCfgDesc  usbd_cdc.o
    0x0800c6ce   0x0800c6ce   0x00000002   PAD
    0x0800c6d0   0x0800c6d0   0x00000052   Code   RO         2371    .text.USBD_CDC_GetOtherSpeedCfgDesc  usbd_cdc.o
    0x0800c722   0x0800c722   0x00000006   PAD
    0x0800c728   0x0800c728   0x000000d6   Code   RO         2355    .text.USBD_CDC_Init  usbd_cdc.o
    0x0800c7fe   0x0800c7fe   0x00000002   PAD
    0x0800c800   0x0800c800   0x00000030   Code   RO         2383    .text.USBD_CDC_ReceivePacket  usbd_cdc.o
    0x0800c830   0x0800c830   0x00000016   Code   RO         2375    .text.USBD_CDC_RegisterInterface  usbd_cdc.o
    0x0800c846   0x0800c846   0x00000002   PAD
    0x0800c848   0x0800c848   0x0000001a   Code   RO         2379    .text.USBD_CDC_SetRxBuffer  usbd_cdc.o
    0x0800c862   0x0800c862   0x00000006   PAD
    0x0800c868   0x0800c868   0x0000001e   Code   RO         2377    .text.USBD_CDC_SetTxBuffer  usbd_cdc.o
    0x0800c886   0x0800c886   0x00000002   PAD
    0x0800c888   0x0800c888   0x0000011e   Code   RO         2359    .text.USBD_CDC_Setup  usbd_cdc.o
    0x0800c9a6   0x0800c9a6   0x00000002   PAD
    0x0800c9a8   0x0800c9a8   0x00000012   Code   RO         2270    .text.USBD_ClrClassConfig  usbd_core.o
    0x0800c9ba   0x0800c9ba   0x00000006   PAD
    0x0800c9c0   0x0800c9c0   0x00000004   Code   RO         2278    .text.USBD_CoreFindEP  usbd_core.o
    0x0800c9c4   0x0800c9c4   0x00000004   PAD
    0x0800c9c8   0x0800c9c8   0x00000004   Code   RO         2276    .text.USBD_CoreFindIF  usbd_core.o
    0x0800c9cc   0x0800c9cc   0x00000004   PAD
    0x0800c9d0   0x0800c9d0   0x00000010   Code   RO         2339    .text.USBD_CtlContinueRx  usbd_ioreq.o
    0x0800c9e0   0x0800c9e0   0x00000010   Code   RO         2335    .text.USBD_CtlContinueSendData  usbd_ioreq.o
    0x0800c9f0   0x0800c9f0   0x00000016   Code   RO         2314    .text.USBD_CtlError  usbd_ctlreq.o
    0x0800ca06   0x0800ca06   0x00000002   PAD
    0x0800ca08   0x0800ca08   0x0000001e   Code   RO         2337    .text.USBD_CtlPrepareRx  usbd_ioreq.o
    0x0800ca26   0x0800ca26   0x00000002   PAD
    0x0800ca28   0x0800ca28   0x00000016   Code   RO         2343    .text.USBD_CtlReceiveStatus  usbd_ioreq.o
    0x0800ca3e   0x0800ca3e   0x00000002   PAD
    0x0800ca40   0x0800ca40   0x0000001a   Code   RO         2333    .text.USBD_CtlSendData  usbd_ioreq.o
    0x0800ca5a   0x0800ca5a   0x00000006   PAD
    0x0800ca60   0x0800ca60   0x00000016   Code   RO         2341    .text.USBD_CtlSendStatus  usbd_ioreq.o
    0x0800ca76   0x0800ca76   0x00000002   PAD
    0x0800ca78   0x0800ca78   0x0000002c   Code   RO         2300    .text.USBD_GetEpDesc  usbd_core.o
    0x0800caa4   0x0800caa4   0x00000004   PAD
    0x0800caa8   0x0800caa8   0x00000080   Code   RO         2322    .text.USBD_GetString  usbd_ctlreq.o
    0x0800cb28   0x0800cb28   0x00000024   Code   RO          239    .text.USBD_HS_ConfigStrDescriptor  usbd_desc.o
    0x0800cb4c   0x0800cb4c   0x00000004   PAD
    0x0800cb50   0x0800cb50   0x0000000e   Code   RO          229    .text.USBD_HS_DeviceDescriptor  usbd_desc.o
    0x0800cb5e   0x0800cb5e   0x00000002   PAD
    0x0800cb60   0x0800cb60   0x00000028   Code   RO          241    .text.USBD_HS_InterfaceStrDescriptor  usbd_desc.o
    0x0800cb88   0x0800cb88   0x0000000e   Code   RO          231    .text.USBD_HS_LangIDStrDescriptor  usbd_desc.o
    0x0800cb96   0x0800cb96   0x00000002   PAD
    0x0800cb98   0x0800cb98   0x00000020   Code   RO          233    .text.USBD_HS_ManufacturerStrDescriptor  usbd_desc.o
    0x0800cbb8   0x0800cbb8   0x00000028   Code   RO          235    .text.USBD_HS_ProductStrDescriptor  usbd_desc.o
    0x0800cbe0   0x0800cbe0   0x00000080   Code   RO          237    .text.USBD_HS_SerialStrDescriptor  usbd_desc.o
    0x0800cc60   0x0800cc60   0x00000028   Code   RO         2256    .text.USBD_Init     usbd_core.o
    0x0800cc88   0x0800cc88   0x00000022   Code   RO          326    .text.USBD_LL_ClearStallEP  usbd_conf.o
    0x0800ccaa   0x0800ccaa   0x00000006   PAD
    0x0800ccb0   0x0800ccb0   0x00000022   Code   RO          320    .text.USBD_LL_CloseEP  usbd_conf.o
    0x0800ccd2   0x0800ccd2   0x00000006   PAD
    0x0800ccd8   0x0800ccd8   0x000000b0   Code   RO         2280    .text.USBD_LL_DataInStage  usbd_core.o
    0x0800cd88   0x0800cd88   0x00000078   Code   RO         2274    .text.USBD_LL_DataOutStage  usbd_core.o
    0x0800ce00   0x0800ce00   0x00000004   Code   RO         2296    .text.USBD_LL_DevConnected  usbd_core.o
    0x0800ce04   0x0800ce04   0x00000004   PAD
    0x0800ce08   0x0800ce08   0x00000020   Code   RO         2298    .text.USBD_LL_DevDisconnected  usbd_core.o
    0x0800ce28   0x0800ce28   0x00000008   Code   RO          336    .text.USBD_LL_GetRxDataSize  usbd_conf.o
    0x0800ce30   0x0800ce30   0x0000006a   Code   RO          308    .text.USBD_LL_Init  usbd_conf.o
    0x0800ce9a   0x0800ce9a   0x00000006   PAD
    0x0800cea0   0x0800cea0   0x00000022   Code   RO          328    .text.USBD_LL_IsStallEP  usbd_conf.o
    0x0800cec2   0x0800cec2   0x00000006   PAD
    0x0800cec8   0x0800cec8   0x00000026   Code   RO         2292    .text.USBD_LL_IsoINIncomplete  usbd_core.o
    0x0800ceee   0x0800ceee   0x00000002   PAD
    0x0800cef0   0x0800cef0   0x00000026   Code   RO         2294    .text.USBD_LL_IsoOUTIncomplete  usbd_core.o
    0x0800cf16   0x0800cf16   0x00000002   PAD
    0x0800cf18   0x0800cf18   0x00000028   Code   RO          318    .text.USBD_LL_OpenEP  usbd_conf.o
    0x0800cf40   0x0800cf40   0x00000022   Code   RO          334    .text.USBD_LL_PrepareReceive  usbd_conf.o
    0x0800cf62   0x0800cf62   0x00000006   PAD
    0x0800cf68   0x0800cf68   0x00000064   Code   RO         2282    .text.USBD_LL_Reset  usbd_core.o
    0x0800cfcc   0x0800cfcc   0x00000004   PAD
    0x0800cfd0   0x0800cfd0   0x00000014   Code   RO         2288    .text.USBD_LL_Resume  usbd_core.o
    0x0800cfe4   0x0800cfe4   0x00000004   PAD
    0x0800cfe8   0x0800cfe8   0x0000001a   Code   RO         2290    .text.USBD_LL_SOF   usbd_core.o
    0x0800d002   0x0800d002   0x00000006   PAD
    0x0800d008   0x0800d008   0x00000008   Code   RO         2284    .text.USBD_LL_SetSpeed  usbd_core.o
    0x0800d010   0x0800d010   0x00000022   Code   RO          330    .text.USBD_LL_SetUSBAddress  usbd_conf.o
    0x0800d032   0x0800d032   0x00000006   PAD
    0x0800d038   0x0800d038   0x00000060   Code   RO         2272    .text.USBD_LL_SetupStage  usbd_core.o
    0x0800d098   0x0800d098   0x00000022   Code   RO          324    .text.USBD_LL_StallEP  usbd_conf.o
    0x0800d0ba   0x0800d0ba   0x00000006   PAD
    0x0800d0c0   0x0800d0c0   0x00000022   Code   RO          314    .text.USBD_LL_Start  usbd_conf.o
    0x0800d0e2   0x0800d0e2   0x00000006   PAD
    0x0800d0e8   0x0800d0e8   0x0000001c   Code   RO         2286    .text.USBD_LL_Suspend  usbd_core.o
    0x0800d104   0x0800d104   0x00000004   PAD
    0x0800d108   0x0800d108   0x00000022   Code   RO          332    .text.USBD_LL_Transmit  usbd_conf.o
    0x0800d12a   0x0800d12a   0x00000006   PAD
    0x0800d130   0x0800d130   0x00000016   Code   RO         2320    .text.USBD_ParseSetupRequest  usbd_ctlreq.o
    0x0800d146   0x0800d146   0x00000002   PAD
    0x0800d148   0x0800d148   0x00000044   Code   RO         2260    .text.USBD_RegisterClass  usbd_core.o
    0x0800d18c   0x0800d18c   0x00000004   PAD
    0x0800d190   0x0800d190   0x0000000e   Code   RO         2268    .text.USBD_SetClassConfig  usbd_core.o
    0x0800d19e   0x0800d19e   0x00000002   PAD
    0x0800d1a0   0x0800d1a0   0x00000004   Code   RO         2262    .text.USBD_Start    usbd_core.o
    0x0800d1a4   0x0800d1a4   0x00000004   PAD
    0x0800d1a8   0x0800d1a8   0x00000438   Code   RO         2312    .text.USBD_StdDevReq  usbd_ctlreq.o
    0x0800d5e0   0x0800d5e0   0x00000178   Code   RO         2318    .text.USBD_StdEPReq  usbd_ctlreq.o
    0x0800d758   0x0800d758   0x00000090   Code   RO         2316    .text.USBD_StdItfReq  usbd_ctlreq.o
    0x0800d7e8   0x0800d7e8   0x00000002   Code   RO          340    .text.USBD_static_free  usbd_conf.o
    0x0800d7ea   0x0800d7ea   0x00000006   PAD
    0x0800d7f0   0x0800d7f0   0x0000000a   Code   RO          338    .text.USBD_static_malloc  usbd_conf.o
    0x0800d7fa   0x0800d7fa   0x00000006   PAD
    0x0800d800   0x0800d800   0x00000088   Code   RO          478    .text.USB_ActivateEndpoint  stm32h7xx_ll_usb.o
    0x0800d888   0x0800d888   0x00000020   Code   RO          520    .text.USB_ActivateSetup  stm32h7xx_ll_usb.o
    0x0800d8a8   0x0800d8a8   0x00000114   Code   RO          456    .text.USB_CoreInit  stm32h7xx_ll_usb.o
    0x0800d9bc   0x0800d9bc   0x00000004   PAD
    0x0800d9c0   0x0800d9c0   0x00000084   Code   RO          482    .text.USB_DeactivateEndpoint  stm32h7xx_ll_usb.o
    0x0800da44   0x0800da44   0x00000004   PAD
    0x0800da48   0x0800da48   0x0000001e   Code   RO          502    .text.USB_DevConnect  stm32h7xx_ll_usb.o
    0x0800da66   0x0800da66   0x00000002   PAD
    0x0800da68   0x0800da68   0x0000001e   Code   RO          504    .text.USB_DevDisconnect  stm32h7xx_ll_usb.o
    0x0800da86   0x0800da86   0x00000002   PAD
    0x0800da88   0x0800da88   0x000001e8   Code   RO          468    .text.USB_DevInit   stm32h7xx_ll_usb.o
    0x0800dc70   0x0800dc70   0x0000000e   Code   RO          462    .text.USB_DisableGlobalInt  stm32h7xx_ll_usb.o
    0x0800dc7e   0x0800dc7e   0x00000002   PAD
    0x0800dc80   0x0800dc80   0x0000005a   Code   RO          522    .text.USB_EP0_OutStart  stm32h7xx_ll_usb.o
    0x0800dcda   0x0800dcda   0x00000006   PAD
    0x0800dce0   0x0800dce0   0x00000050   Code   RO          496    .text.USB_EPClearStall  stm32h7xx_ll_usb.o
    0x0800dd30   0x0800dd30   0x0000003e   Code   RO          494    .text.USB_EPSetStall  stm32h7xx_ll_usb.o
    0x0800dd6e   0x0800dd6e   0x00000002   PAD
    0x0800dd70   0x0800dd70   0x000001f4   Code   RO          486    .text.USB_EPStartXfer  stm32h7xx_ll_usb.o
    0x0800df64   0x0800df64   0x00000004   PAD
    0x0800df68   0x0800df68   0x00000086   Code   RO          490    .text.USB_EPStopXfer  stm32h7xx_ll_usb.o
    0x0800dfee   0x0800dfee   0x00000002   PAD
    0x0800dff0   0x0800dff0   0x0000000e   Code   RO          460    .text.USB_EnableGlobalInt  stm32h7xx_ll_usb.o
    0x0800dffe   0x0800dffe   0x00000002   PAD
    0x0800e000   0x0800e000   0x00000048   Code   RO          472    .text.USB_FlushTxFifo  stm32h7xx_ll_usb.o
    0x0800e048   0x0800e048   0x0000001a   Code   RO          476    .text.USB_GetDevSpeed  stm32h7xx_ll_usb.o
    0x0800e062   0x0800e062   0x00000006   PAD
    0x0800e068   0x0800e068   0x00000008   Code   RO          466    .text.USB_GetMode   stm32h7xx_ll_usb.o
    0x0800e070   0x0800e070   0x0000000e   Code   RO          512    .text.USB_ReadDevAllInEpInterrupt  stm32h7xx_ll_usb.o
    0x0800e07e   0x0800e07e   0x00000002   PAD
    0x0800e080   0x0800e080   0x0000000e   Code   RO          510    .text.USB_ReadDevAllOutEpInterrupt  stm32h7xx_ll_usb.o
    0x0800e08e   0x0800e08e   0x00000002   PAD
    0x0800e090   0x0800e090   0x00000024   Code   RO          516    .text.USB_ReadDevInEPInterrupt  stm32h7xx_ll_usb.o
    0x0800e0b4   0x0800e0b4   0x00000004   PAD
    0x0800e0b8   0x0800e0b8   0x00000010   Code   RO          514    .text.USB_ReadDevOutEPInterrupt  stm32h7xx_ll_usb.o
    0x0800e0c8   0x0800e0c8   0x00000008   Code   RO          506    .text.USB_ReadInterrupts  stm32h7xx_ll_usb.o
    0x0800e0d0   0x0800e0d0   0x0000004e   Code   RO          492    .text.USB_ReadPacket  stm32h7xx_ll_usb.o
    0x0800e11e   0x0800e11e   0x00000002   PAD
    0x0800e120   0x0800e120   0x00000064   Code   RO          464    .text.USB_SetCurrentMode  stm32h7xx_ll_usb.o
    0x0800e184   0x0800e184   0x00000004   PAD
    0x0800e188   0x0800e188   0x00000022   Code   RO          500    .text.USB_SetDevAddress  stm32h7xx_ll_usb.o
    0x0800e1aa   0x0800e1aa   0x00000006   PAD
    0x0800e1b0   0x0800e1b0   0x00000116   Code   RO          458    .text.USB_SetTurnaroundTime  stm32h7xx_ll_usb.o
    0x0800e2c6   0x0800e2c6   0x00000002   PAD
    0x0800e2c8   0x0800e2c8   0x0000003a   Code   RO          488    .text.USB_WritePacket  stm32h7xx_ll_usb.o
    0x0800e302   0x0800e302   0x00000006   PAD
    0x0800e308   0x0800e308   0x0000008e   Code   RO         2537    .text.USER_UART_IRQHandler  my_usart.o
    0x0800e396   0x0800e396   0x00000002   PAD
    0x0800e398   0x0800e398   0x00000060   Code   RO         2708    .text.UpackCalfMsg  my_motor_driver.o
    0x0800e3f8   0x0800e3f8   0x00000002   Code   RO          159    .text.UsageFault_Handler  stm32h7xx_it.o
    0x0800e3fa   0x0800e3fa   0x00000006   PAD
    0x0800e400   0x0800e400   0x00000256   Code   RO           11    .text.main          main.o
    0x0800e656   0x0800e656   0x00000002   PAD
    0x0800e658   0x0800e658   0x00000298   Code   RO         2455    .text.main_loop     my_main.o
    0x0800e8f0   0x0800e8f0   0x00000034   Code   RO         2978    i.__0snprintf       mc_w.l(printfa.o)
    0x0800e924   0x0800e924   0x0000000e   Code   RO         3084    i.__scatterload_copy  mc_w.l(handlers.o)
    0x0800e932   0x0800e932   0x00000002   Code   RO         3085    i.__scatterload_null  mc_w.l(handlers.o)
    0x0800e934   0x0800e934   0x0000000e   Code   RO         3086    i.__scatterload_zeroinit  mc_w.l(handlers.o)
    0x0800e942   0x0800e942   0x00000002   PAD
    0x0800e944   0x0800e944   0x00000184   Code   RO         2984    i._fp_digits        mc_w.l(printfa.o)
    0x0800eac8   0x0800eac8   0x000006dc   Code   RO         2985    i._printf_core      mc_w.l(printfa.o)
    0x0800f1a4   0x0800f1a4   0x00000024   Code   RO         2986    i._printf_post_padding  mc_w.l(printfa.o)
    0x0800f1c8   0x0800f1c8   0x0000002e   Code   RO         2987    i._printf_pre_padding  mc_w.l(printfa.o)
    0x0800f1f6   0x0800f1f6   0x00000016   Code   RO         2988    i._snputc           mc_w.l(printfa.o)
    0x0800f20c   0x0800f20c   0x0000006c   Code   RO         3006    i.malloc            mc_w.l(malloc.o)
    0x0800f278   0x0800f278   0x0000004c   Data   RO         1712    .rodata..L__const.HAL_FDCAN_Init.CvtEltSize  stm32h7xx_hal_fdcan.o
    0x0800f2c4   0x0800f2c4   0x0000000c   Data   RO         2659    .rodata..Lswitch.table.HAL_FDCAN_RxFifo0Callback.1  my_fdcan.o
    0x0800f2d0   0x0800f2d0   0x00000006   Data   RO         2188    .rodata..Lswitch.table.UART_SetConfig.7  stm32h7xx_hal_uart.o
    0x0800f2d6   0x0800f2d6   0x00000006   Data   RO         2189    .rodata..Lswitch.table.UART_SetConfig.9  stm32h7xx_hal_uart.o
    0x0800f2dc   0x0800f2dc   0x00000010   Data   RO         2247    .rodata.D1CorePrescTable  system_stm32h7xx.o
    0x0800f2ec   0x0800f2ec   0x00000018   Data   RO         2187    .rodata.UARTPrescTable  stm32h7xx_hal_uart.o
    0x0800f304   0x0800f304   0x00000010   Data   RO         1713    .rodata.cst16       stm32h7xx_hal_fdcan.o
    0x0800f314   0x0800f314   0x00000010   Data   RO         2230    .rodata.cst8        stm32h7xx_hal_uart_ex.o
    0x0800f324   0x0800f324   0x00000040   Data   RO         3083    Region$$Table       anon$$obj.o


    Execution Region RW_IRAM1 (Exec base: 0x20000000, Load base: 0x0800f368, Size: 0x000027d0, Max: 0x00020000, ABSOLUTE, COMPRESSED[0x00000098])

    Exec Addr    Load Addr    Size         Type   Attr      Idx    E Section Name        Object

    0x20000000   COMPRESSED   0x00000004   Data   RW         3064    .data               mc_w.l(mvars.o)
    0x20000004   COMPRESSED   0x00000004   Data   RW         2245    .data.SystemCoreClock  system_stm32h7xx.o
    0x20000008   COMPRESSED   0x00000038   Data   RW         2385    .data.USBD_CDC      usbd_cdc.o
    0x20000040   COMPRESSED   0x00000043   Data   RW         2387    .data.USBD_CDC_CfgDesc  usbd_cdc.o
    0x20000083   COMPRESSED   0x00000001   PAD
    0x20000084   COMPRESSED   0x0000000a   Data   RW         2386    .data.USBD_CDC_DeviceQualifierDesc  usbd_cdc.o
    0x2000008e   COMPRESSED   0x00000002   PAD
    0x20000090   COMPRESSED   0x00000012   Data   RW          246    .data.USBD_HS_DeviceDesc  usbd_desc.o
    0x200000a2   COMPRESSED   0x00000002   PAD
    0x200000a4   COMPRESSED   0x0000001a   Data   RW          249    .data.USBD_StringSerial  usbd_desc.o
    0x200000be   COMPRESSED   0x00000002   PAD
    0x200000c0   COMPRESSED   0x00000090   Data   RW         2463    .data.gRobot        my_main.o
    0x20000150   COMPRESSED   0x00000001   Data   RW         2502    .data.lastState     my_communication.o
    0x20000151   COMPRESSED   0x00000003   PAD
    0x20000154   COMPRESSED   0x00000004   Data   RW         1169    .data.uwTickPrio    stm32h7xx_hal.o
    0x20000158        -       0x00000004   Zero   RW           73    .bss.HAL_RCC_FDCAN_CLK_ENABLED  fdcan.o
    0x2000015c        -       0x00000004   Zero   RW         2524    .bss.HAL_TIM_PeriodElapsedCallback.cnt  my_tim.o
    0x20000160        -       0x00000028   Zero   RW         2658    .bss.RxMessage1     my_fdcan.o
    0x20000188        -       0x00000001   Zero   RW         2324    .bss.USBD_SetConfig.cfgidx  usbd_ctlreq.o
    0x20000189   COMPRESSED   0x00000003   PAD
    0x2000018c        -       0x00000200   Zero   RW          250    .bss.USBD_StrDesc   usbd_desc.o
    0x2000038c        -       0x00000008   Zero   RW         2559    .bss.UnionSixUint8ToFloat  my_usart.o
    0x20000394        -       0x00000800   Zero   RW          273    .bss.UserTxBufferHS  usbd_cdc_if.o
    0x20000b94        -       0x00000001   Zero   RW         2554    .bss.app_data_len   my_usart.o
    0x20000b95        -       0x00001000   Zero   RW         2470    .bss.debug_buffer   my_main.o
    0x20001b95        -       0x0000000c   Zero   RW         2437    .bss.firstComFlag   my_action_control.o
    0x20001ba1   COMPRESSED   0x00000003   PAD
    0x20001ba4        -       0x00000048   Zero   RW         2431    .bss.forearmMsg     my_action_control.o
    0x20001bec        -       0x000002dc   Zero   RW          222    .bss.hUsbDeviceHS   usb_device.o
    0x20001ec8        -       0x00000078   Zero   RW           90    .bss.hdma_i2c1_tx   i2c.o
    0x20001f40        -       0x00000078   Zero   RW           55    .bss.hdma_memtomem_dma1_stream0  dma.o
    0x20001fb8        -       0x00000078   Zero   RW          140    .bss.hdma_usart1_tx  usart.o
    0x20002030        -       0x00000078   Zero   RW          142    .bss.hdma_usart3_tx  usart.o
    0x200020a8        -       0x000000a0   Zero   RW           71    .bss.hfdcan1        fdcan.o
    0x20002148        -       0x000000a0   Zero   RW           72    .bss.hfdcan3        fdcan.o
    0x200021e8        -       0x00000054   Zero   RW           88    .bss.hi2c1          i2c.o
    0x2000223c        -       0x0000004c   Zero   RW          111    .bss.htim3          tim.o
    0x20002288        -       0x00000094   Zero   RW          137    .bss.huart3         usart.o
    0x2000231c        -       0x00000094   Zero   RW          135    .bss.huart9         usart.o
    0x200023b0        -       0x00000004   Zero   RW         2467    .bss.main_loop.setballtim_cnt  my_main.o
    0x200023b4        -       0x00000004   Zero   RW         2599    .bss.press_adc      my_sensor.o
    0x200023b8        -       0x00000004   Zero   RW         2503    .bss.readLen        my_communication.o
    0x200023bc        -       0x00000001   Zero   RW         2562    .bss.robot_com_data_len  my_usart.o
    0x200023bd        -       0x00000001   Zero   RW         2521    .bss.timer_5ms_Flag  my_tim.o
    0x200023be   COMPRESSED   0x00000002   PAD
    0x200023c0        -       0x00000004   Zero   RW         2433    .bss.upperArmCtrlTar  my_action_control.o
    0x200023c4        -       0x00000008   Zero   RW         2442    .bss.wheel3Msg      my_action_control.o
    0x200023cc        -       0x00000004   Zero   RW         2435    .bss.wristCtrlTar   my_action_control.o
    0x200023d0        -       0x00000400   Zero   RW            1    STACK               startup_stm32h723xx.o


    Execution Region RW_IRAM2 (Exec base: 0x24000000, Load base: 0x0800f400, Size: 0x000027d0, Max: 0x00020000, ABSOLUTE)

    Exec Addr    Load Addr    Size         Type   Attr      Idx    E Section Name        Object

    0x24000000   0x0800f400   0x00000004   Data   RW         3063    .data               mc_w.l(mvars.o)
    0x24000004   0x0800f404   0x00000020   Data   RW          245    .data.HS_Desc       usbd_desc.o
    0x24000024   0x0800f424   0x00000004   Data   RW         2246    .data.SystemD2Clock  system_stm32h7xx.o
    0x24000028   0x0800f428   0x00000014   Data   RW          271    .data.USBD_Interface_fops_HS  usbd_cdc_if.o
    0x2400003c   0x0800f43c   0x00000004   Data   RW          248    .data.USBD_LangIDDesc  usbd_desc.o
    0x24000040   0x0800f440   0x00000001   Data   RW         1170    .data.uwTickFreq    stm32h7xx_hal.o
    0x24000041   0x0800f441   0x00000007   PAD
    0x24000048        -       0x00000001   Zero   RW         2523    .bss.HAL_TIM_PeriodElapsedCallback._5ms_cnt  my_tim.o
    0x24000049        -       0x00000001   Zero   RW         2561    .bss.HAL_UART_RxCpltCallback.lowCnt  my_usart.o
    0x2400004a        -       0x0000000c   Zero   RW         2422    .bss.HB             my_action_control.o
    0x24000056   0x0800f441   0x00000002   PAD
    0x24000058        -       0x00000028   Zero   RW         2657    .bss.RxMessage0     my_fdcan.o
    0x24000080        -       0x00000220   Zero   RW          345    .bss.USBD_static_malloc.mem  usbd_conf.o
    0x240002a0        -       0x00000800   Zero   RW          272    .bss.UserRxBufferHS  usbd_cdc_if.o
    0x24000aa0        -       0x00000040   Zero   RW         2557    .bss.app_rxbuffer   my_usart.o
    0x24000ae0        -       0x00000004   Zero   RW         2558    .bss.apptrans       my_usart.o
    0x24000ae4        -       0x00000004   Zero   RW         2522    .bss.beep_Cnt       my_tim.o
    0x24000ae8        -       0x00000004   Zero   RW         2434    .bss.forearmCtrlTar  my_action_control.o
    0x24000aec        -       0x00000070   Zero   RW           44    .bss.hadc1          adc.o
    0x24000b5c        -       0x00000078   Zero   RW           89    .bss.hdma_i2c1_rx   i2c.o
    0x24000bd4        -       0x00000078   Zero   RW          139    .bss.hdma_usart1_rx  usart.o
    0x24000c4c        -       0x00000078   Zero   RW          141    .bss.hdma_usart3_rx  usart.o
    0x24000cc4        -       0x000004e4   Zero   RW          344    .bss.hpcd_USB_OTG_HS  usbd_conf.o
    0x240011a8        -       0x0000004c   Zero   RW          110    .bss.htim1          tim.o
    0x240011f4        -       0x00000094   Zero   RW          136    .bss.huart1         usart.o
    0x24001288        -       0x00000094   Zero   RW          138    .bss.huart10        usart.o
    0x2400131c        -       0x00000094   Zero   RW          134    .bss.huart8         usart.o
    0x240013b0        -       0x00000004   Zero   RW           19    .bss.main.cnt       main.o
    0x240013b4        -       0x00000001   Zero   RW         2469    .bss.main_loop.mode  my_main.o
    0x240013b5   0x0800f441   0x00000003   PAD
    0x240013b8        -       0x00000004   Zero   RW         2468    .bss.main_loop.setoutpos_cnt  my_main.o
    0x240013bc        -       0x00000004   Zero   RW         2466    .bss.main_loop.tim_cnt  my_main.o
    0x240013c0        -       0x00000008   Zero   RW         2555    .bss.power_rxbuffer  my_usart.o
    0x240013c8        -       0x0000000c   Zero   RW         2574    .bss.robotRxData    my_usart.o
    0x240013d4        -       0x00000080   Zero   RW         2573    .bss.robot_rxbuffer  my_usart.o
    0x24001454        -       0x00000fa0   Zero   RW         2501    .bss.rxbuf          my_communication.o
    0x240023f4        -       0x00000001   Zero   RW         2520    .bss.timer_1ms_Flag  my_tim.o
    0x240023f5   0x0800f441   0x00000003   PAD
    0x240023f8        -       0x00000048   Zero   RW         2430    .bss.upperArmMsg    my_action_control.o
    0x24002440        -       0x00000004   Zero   RW         1171    .bss.uwTick         stm32h7xx_hal.o
    0x24002444   0x0800f441   0x00000004   PAD
    0x24002448        -       0x00000130   Zero   RW         2611    .bss.w              my_sensor.o
    0x24002578        -       0x00000008   Zero   RW         2440    .bss.wheel1Msg      my_action_control.o
    0x24002580        -       0x00000008   Zero   RW         2441    .bss.wheel2Msg      my_action_control.o
    0x24002588        -       0x00000048   Zero   RW         2432    .bss.wristMsg       my_action_control.o
    0x240025d0        -       0x00000200   Zero   RW            2    HEAP                startup_stm32h723xx.o


==============================================================================

Image component sizes


      Code (inc. data)   RO Data    RW Data    ZI Data      Debug   Object Name

       282          0          0          0        112      10445   adc.o
       218          0          0          0        120       7351   dma.o
       464          0          0          0        324      10050   fdcan.o
       350          0          0          0          0       3176   gpio.o
       394          0          0          0        324      11395   i2c.o
       790          0          0          0          4       7071   main.o
         0          0          0          0        276      11283   my_action_control.o
       524         28          0          0          0       9367   my_chassis_driver.o
         0          0          0          1       4004       4520   my_communication.o
       494         60         12          0         80       5627   my_fdcan.o
       664         56          0        144       4109       8928   my_main.o
      1552        260          0          0          0      19518   my_motor_driver.o
        72          0          0          0        308       6690   my_sensor.o
       322          4          0          0         11       5060   my_tim.o
      2288        190          0          0        227      11629   my_usart.o
        44         12        716          0       1536        844   startup_stm32h723xx.o
       262          0          0          5          4      15873   stm32h7xx_hal.o
      3162         12          0          0          0      28021   stm32h7xx_hal_adc.o
       264          0          0          0          0      28011   stm32h7xx_hal_adc_ex.o
       198          0          0          0          0      12475   stm32h7xx_hal_cortex.o
      8184         54          0          0          0      17888   stm32h7xx_hal_dma.o
      2792          0         92          0          0      41653   stm32h7xx_hal_fdcan.o
       424          0          0          0          0       6969   stm32h7xx_hal_gpio.o
       182          0          0          0          0      64617   stm32h7xx_hal_i2c.o
       146          0          0          0          0       7590   stm32h7xx_hal_i2c_ex.o
        32          0          0          0          0       2229   stm32h7xx_hal_msp.o
      2934          0          0          0          0      16461   stm32h7xx_hal_pcd.o
       126          0          0          0          0       6085   stm32h7xx_hal_pcd_ex.o
        90          0          0          0          0       9544   stm32h7xx_hal_pwr_ex.o
      2508         16          0          0          0      11461   stm32h7xx_hal_rcc.o
      4902        182          0          0          0      17729   stm32h7xx_hal_rcc_ex.o
      3476         14          0          0          0      65168   stm32h7xx_hal_tim.o
       436          0          0          0          0      26310   stm32h7xx_hal_tim_ex.o
      6540        300         36          0          0      37681   stm32h7xx_hal_uart.o
       352          0         16          0          0      11201   stm32h7xx_hal_uart_ex.o
       264          0          0          0          0      16984   stm32h7xx_it.o
      2760          0          0          0          0      27642   stm32h7xx_ll_usb.o
       236          0         16          8          0       5671   system_stm32h7xx.o
       594          0          0          0        152      11689   tim.o
      1530          0          0          0       1220      13330   usart.o
       108          0          0          0        732       3283   usb_device.o
      1214         12          0        133          0      12051   usbd_cdc.o
       114          0          0         20       4096       4937   usbd_cdc_if.o
       930          0          0          0       1796      22802   usbd_conf.o
       882          0          0          0          0      10578   usbd_core.o
      1772         32          0          0          1      11095   usbd_ctlreq.o
       304         52          0         80        512       3939   usbd_desc.o
       132          0          0          0          0       4734   usbd_ioreq.o

    ----------------------------------------------------------------------
     57460       1316        952        404      19972     708655   Object Totals
         0          0         64          0          0          0   (incl. Generated)
      1152         32          0         13         24          0   (incl. Padding)

    ----------------------------------------------------------------------

      Code (inc. data)   RO Data    RW Data    ZI Data      Debug   Library Member Name

        58          0          0          0          0          0   __dczerorl.o
         0          0          0          0          0          0   entry.o
         0          0          0          0          0          0   entry10a.o
         0          0          0          0          0          0   entry11a.o
         8          4          0          0          0          0   entry2.o
         4          0          0          0          0          0   entry5.o
         0          0          0          0          0          0   entry7b.o
         0          0          0          0          0          0   entry8b.o
         8          4          0          0          0          0   entry9a.o
        30          0          0          0          0          0   handlers.o
        36          8          0          0          0         68   init.o
         0          0          0          0          0          0   iusefp.o
        30          0          0          0          0         68   llshl.o
        36          0          0          0          0         68   llsshr.o
        32          0          0          0          0         68   llushr.o
       108         16          0          0          0         84   malloc.o
        36          0          0          0          0        108   memseta.o
         0          0          0          8          0          0   mvars.o
      2300         84          0          0          0        524   printfa.o
        44          0          0          0          0         80   uidiv.o
        98          0          0          0          0         92   uldiv.o
        48          0          0          0          0         68   cdrcmple.o
       334          0          0          0          0        148   dadd.o
       222          0          0          0          0        100   ddiv.o
       186          0          0          0          0        176   depilogue.o
        48          0          0          0          0         68   dfixul.o
       228          0          0          0          0         96   dmul.o

    ----------------------------------------------------------------------
      3896        116          0          8          0       1816   Library Totals
         2          0          0          0          0          0   (incl. Padding)

    ----------------------------------------------------------------------

      Code (inc. data)   RO Data    RW Data    ZI Data      Debug   Library Name

      2828        116          0          8          0       1160   mc_w.l
      1066          0          0          0          0        656   mf_w.l

    ----------------------------------------------------------------------
      3896        116          0          8          0       1816   Library Totals

    ----------------------------------------------------------------------

==============================================================================


      Code (inc. data)   RO Data    RW Data    ZI Data      Debug   

     61356       1432        952        412      19972     708939   Grand Totals
     61356       1432        952        220      19972     708939   ELF Image Totals (compressed)
     61356       1432        952        220          0          0   ROM Totals

==============================================================================

    Total RO  Size (Code + RO Data)                62308 (  60.85kB)
    Total RW  Size (RW Data + ZI Data)             20384 (  19.91kB)
    Total ROM Size (Code + RO Data + RW Data)      62528 (  61.06kB)

==============================================================================

